Component: ARM Compiler 5.06 (build 20) Tool: armlink [4d35a3]

==============================================================================

Section Cross References

    stm32f4xx_hal_cortex.o(i.HAL_NVIC_SetPriority) refers to stm32f4xx_hal_cortex.o(i.NVIC_SetPriority) for NVIC_SetPriority
    stm32f4xx_hal_cortex.o(i.HAL_SYSTICK_Config) refers to stm32f4xx_hal_cortex.o(i.NVIC_SetPriority) for NVIC_SetPriority
    stm32f4xx_hal_cortex.o(i.HAL_SYSTICK_IRQHandler) refers to stm32f4xx_hal_cortex.o(i.HAL_SYSTICK_Callback) for HAL_SYSTICK_Callback
    stm32f4xx_hal_dma.o(i.HAL_DMA_Abort) refers to stm32f4xx_hal.o(i.HAL_GetTick) for HAL_GetTick
    stm32f4xx_hal_dma.o(i.HAL_DMA_PollForTransfer) refers to stm32f4xx_hal.o(i.HAL_GetTick) for HAL_GetTick
    stm32f4xx_hal_dma.o(i.HAL_DMA_Start) refers to stm32f4xx_hal_dma.o(i.DMA_SetConfig) for DMA_SetConfig
    stm32f4xx_hal_dma.o(i.HAL_DMA_Start_IT) refers to stm32f4xx_hal_dma.o(i.DMA_SetConfig) for DMA_SetConfig
    stm32f4xx_hal_flash.o(i.FLASH_SetErrorCode) refers to stm32f4xx_hal_flash.o(.bss) for .bss
    stm32f4xx_hal_flash.o(i.FLASH_WaitForLastOperation) refers to stm32f4xx_hal.o(i.HAL_GetTick) for HAL_GetTick
    stm32f4xx_hal_flash.o(i.FLASH_WaitForLastOperation) refers to stm32f4xx_hal_flash.o(i.FLASH_SetErrorCode) for FLASH_SetErrorCode
    stm32f4xx_hal_flash.o(i.FLASH_WaitForLastOperation) refers to stm32f4xx_hal_flash.o(.bss) for .bss
    stm32f4xx_hal_flash.o(i.HAL_FLASH_GetError) refers to stm32f4xx_hal_flash.o(.bss) for .bss
    stm32f4xx_hal_flash.o(i.HAL_FLASH_IRQHandler) refers to stm32f4xx_hal_flash.o(i.HAL_FLASH_EndOfOperationCallback) for HAL_FLASH_EndOfOperationCallback
    stm32f4xx_hal_flash.o(i.HAL_FLASH_IRQHandler) refers to stm32f4xx_hal_flash.o(i.FLASH_SetErrorCode) for FLASH_SetErrorCode
    stm32f4xx_hal_flash.o(i.HAL_FLASH_IRQHandler) refers to stm32f4xx_hal_flash.o(i.HAL_FLASH_OperationErrorCallback) for HAL_FLASH_OperationErrorCallback
    stm32f4xx_hal_flash.o(i.HAL_FLASH_IRQHandler) refers to stm32f4xx_hal_flash_ex.o(i.FLASH_Erase_Sector) for FLASH_Erase_Sector
    stm32f4xx_hal_flash.o(i.HAL_FLASH_IRQHandler) refers to stm32f4xx_hal_flash.o(.bss) for .bss
    stm32f4xx_hal_flash.o(i.HAL_FLASH_OB_Launch) refers to stm32f4xx_hal_flash.o(i.FLASH_WaitForLastOperation) for FLASH_WaitForLastOperation
    stm32f4xx_hal_flash.o(i.HAL_FLASH_Program) refers to stm32f4xx_hal_flash.o(i.FLASH_WaitForLastOperation) for FLASH_WaitForLastOperation
    stm32f4xx_hal_flash.o(i.HAL_FLASH_Program) refers to stm32f4xx_hal_flash.o(i.FLASH_Program_DoubleWord) for FLASH_Program_DoubleWord
    stm32f4xx_hal_flash.o(i.HAL_FLASH_Program) refers to stm32f4xx_hal_flash.o(i.FLASH_Program_Byte) for FLASH_Program_Byte
    stm32f4xx_hal_flash.o(i.HAL_FLASH_Program) refers to stm32f4xx_hal_flash.o(i.FLASH_Program_HalfWord) for FLASH_Program_HalfWord
    stm32f4xx_hal_flash.o(i.HAL_FLASH_Program) refers to stm32f4xx_hal_flash.o(i.FLASH_Program_Word) for FLASH_Program_Word
    stm32f4xx_hal_flash.o(i.HAL_FLASH_Program) refers to stm32f4xx_hal_flash.o(.bss) for .bss
    stm32f4xx_hal_flash.o(i.HAL_FLASH_Program_IT) refers to stm32f4xx_hal_flash.o(i.FLASH_Program_DoubleWord) for FLASH_Program_DoubleWord
    stm32f4xx_hal_flash.o(i.HAL_FLASH_Program_IT) refers to stm32f4xx_hal_flash.o(i.FLASH_Program_Byte) for FLASH_Program_Byte
    stm32f4xx_hal_flash.o(i.HAL_FLASH_Program_IT) refers to stm32f4xx_hal_flash.o(i.FLASH_Program_HalfWord) for FLASH_Program_HalfWord
    stm32f4xx_hal_flash.o(i.HAL_FLASH_Program_IT) refers to stm32f4xx_hal_flash.o(i.FLASH_Program_Word) for FLASH_Program_Word
    stm32f4xx_hal_flash.o(i.HAL_FLASH_Program_IT) refers to stm32f4xx_hal_flash.o(.bss) for .bss
    stm32f4xx_hal_flash_ex.o(i.FLASH_OB_BootConfig) refers to stm32f4xx_hal_flash.o(i.FLASH_WaitForLastOperation) for FLASH_WaitForLastOperation
    stm32f4xx_hal_flash_ex.o(i.FLASH_OB_DisablePCROP) refers to stm32f4xx_hal_flash.o(i.FLASH_WaitForLastOperation) for FLASH_WaitForLastOperation
    stm32f4xx_hal_flash_ex.o(i.FLASH_OB_DisableWRP) refers to stm32f4xx_hal_flash.o(i.FLASH_WaitForLastOperation) for FLASH_WaitForLastOperation
    stm32f4xx_hal_flash_ex.o(i.FLASH_OB_EnablePCROP) refers to stm32f4xx_hal_flash.o(i.FLASH_WaitForLastOperation) for FLASH_WaitForLastOperation
    stm32f4xx_hal_flash_ex.o(i.FLASH_OB_EnableWRP) refers to stm32f4xx_hal_flash.o(i.FLASH_WaitForLastOperation) for FLASH_WaitForLastOperation
    stm32f4xx_hal_flash_ex.o(i.FLASH_OB_RDP_LevelConfig) refers to stm32f4xx_hal_flash.o(i.FLASH_WaitForLastOperation) for FLASH_WaitForLastOperation
    stm32f4xx_hal_flash_ex.o(i.FLASH_OB_UserConfig) refers to stm32f4xx_hal_flash.o(i.FLASH_WaitForLastOperation) for FLASH_WaitForLastOperation
    stm32f4xx_hal_flash_ex.o(i.HAL_FLASHEx_AdvOBProgram) refers to stm32f4xx_hal_flash_ex.o(i.FLASH_OB_DisablePCROP) for FLASH_OB_DisablePCROP
    stm32f4xx_hal_flash_ex.o(i.HAL_FLASHEx_AdvOBProgram) refers to stm32f4xx_hal_flash_ex.o(i.FLASH_OB_BootConfig) for FLASH_OB_BootConfig
[...]
    Removing arm_cmplx_mag_f32.o(.rrx_text), (6 bytes).
    Removing arm_max_f32.o(.rev16_text), (4 bytes).
    Removing arm_max_f32.o(.revsh_text), (4 bytes).
    Removing arm_max_f32.o(.rrx_text), (6 bytes).
    Removing dadd.o(.text), (334 bytes).
    Removing ddiv.o(.text), (222 bytes).
    Removing dfixul.o(.text), (48 bytes).
    Removing cdrcmple.o(.text), (48 bytes).

555 unused section(s) (total 175968 bytes) removed from the image.

==============================================================================

Image Symbol Table

    Local Symbols

    Symbol Name                              Value     Ov Type        Size  Object(Section)

    ../clib/microlib/division.c              0x00000000   Number         0  uidiv.o ABSOLUTE
    ../clib/microlib/division.c              0x00000000   Number         0  uldiv.o ABSOLUTE
    ../clib/microlib/init/entry.s            0x00000000   Number         0  entry7b.o ABSOLUTE
    ../clib/microlib/init/entry.s            0x00000000   Number         0  entry8a.o ABSOLUTE
    ../clib/microlib/init/entry.s            0x00000000   Number         0  entry8b.o ABSOLUTE
    ../clib/microlib/init/entry.s            0x00000000   Number         0  entry9a.o ABSOLUTE
    ../clib/microlib/init/entry.s            0x00000000   Number         0  entry9b.o ABSOLUTE
    ../clib/microlib/init/entry.s            0x00000000   Number         0  entry10a.o ABSOLUTE
    ../clib/microlib/init/entry.s            0x00000000   Number         0  entry10b.o ABSOLUTE
    ../clib/microlib/init/entry.s            0x00000000   Number         0  entry11a.o ABSOLUTE
    ../clib/microlib/init/entry.s            0x00000000   Number         0  entry.o ABSOLUTE
    ../clib/microlib/init/entry.s            0x00000000   Number         0  entry11b.o ABSOLUTE
    ../clib/microlib/init/entry.s            0x00000000   Number         0  entry7a.o ABSOLUTE
    ../clib/microlib/init/entry.s            0x00000000   Number         0  entry5.o ABSOLUTE
    ../clib/microlib/init/entry.s            0x00000000   Number         0  entry2.o ABSOLUTE
    ../clib/microlib/longlong.c              0x00000000   Number         0  llushr.o ABSOLUTE
    ../clib/microlib/longlong.c              0x00000000   Number         0  llsshr.o ABSOLUTE
    ../clib/microlib/longlong.c              0x00000000   Number         0  llshl.o ABSOLUTE
    ../clib/microlib/printf/printf.c         0x00000000   Number         0  printf2.o ABSOLUTE
    ../clib/microlib/printf/printf.c         0x00000000   Number         0  printfa.o ABSOLUTE
    ../clib/microlib/printf/printf.c         0x00000000   Number         0  printf8.o ABSOLUTE
    ../clib/microlib/printf/printf.c         0x00000000   Number         0  printf7.o ABSOLUTE
    ../clib/microlib/printf/printf.c         0x00000000   Number         0  printf6.o ABSOLUTE
    ../clib/microlib/printf/printf.c         0x00000000   Number         0  printf5.o ABSOLUTE
    ../clib/microlib/printf/printf.c         0x00000000   Number         0  printf4.o ABSOLUTE
    ../clib/microlib/printf/printf.c         0x00000000   Number         0  printf3.o ABSOLUTE
    ../clib/microlib/printf/printf.c         0x00000000   Number         0  printf1.o ABSOLUTE
    ../clib/microlib/printf/printf.c         0x00000000   Number         0  printf0.o ABSOLUTE
    ../clib/microlib/printf/printf.c         0x00000000   Number         0  printfb.o ABSOLUTE
    ../clib/microlib/printf/stubs.s          0x00000000   Number         0  stubs.o ABSOLUTE
    ../clib/microlib/stdio/fputc.c           0x00000000   Number         0  fputc.o ABSOLUTE
    ../clib/microlib/stdio/semi.s            0x00000000   Number         0  semi.o ABSOLUTE
    ../clib/microlib/stdio/streams.c         0x00000000   Number         0  stdout.o ABSOLUTE
    ../clib/microlib/string/memcpy.c         0x00000000   Number         0  memcpya.o ABSOLUTE
    ../clib/microlib/string/memcpy.c         0x00000000   Number         0  memcpyb.o ABSOLUTE
    ../clib/microlib/stubs.s                 0x00000000   Number         0  iusesemip.o ABSOLUTE
    ../clib/microlib/stubs.s                 0x00000000   Number         0  iusefp.o ABSOLUTE
    ../fplib/microlib/f2d.c                  0x00000000   Number         0  f2d.o ABSOLUTE
    ../fplib/microlib/fpadd.c                0x00000000   Number         0  dadd.o ABSOLUTE
    ../fplib/microlib/fpdiv.c                0x00000000   Number         0  ddiv.o ABSOLUTE
    ../fplib/microlib/fpepilogue.c           0x00000000   Number         0  depilogue.o ABSOLUTE
    ../fplib/microlib/fpfix.c                0x00000000   Number         0  dfixul.o ABSOLUTE
    ../fplib/microlib/fpfix.c                0x00000000   Number         0  dfixui.o ABSOLUTE
    ../fplib/microlib/fpmul.c                0x00000000   Number         0  dmul.o ABSOLUTE
    ..\Drivers\BSP\Components\ili9341\ili9341.c 0x00000000   Number         0  ili9341.o ABSOLUTE
    ..\Drivers\BSP\STM32F429I-Discovery\stm32f429i_discovery.c 0x00000000   Number         0  stm32f429i_discovery.o ABSOLUTE
    ..\Drivers\BSP\STM32F429I-Discovery\stm32f429i_discovery_lcd.c 0x00000000   Number         0  stm32f429i_discovery_lcd.o ABSOLUTE
    ..\Drivers\BSP\STM32F429I-Discovery\stm32f429i_discovery_sdram.c 0x00000000   Number         0  stm32f429i_discovery_sdram.o ABSOLUTE
    ..\Drivers\CMSIS\Device\ST\STM32F4xx\Source\Templates\arm\startup_stm32f429xx.s 0x00000000   Number         0  startup_stm32f429xx.o ABSOLUTE
    ..\Drivers\CMSIS\Device\ST\STM32F4xx\Source\Templates\system_stm32f4xx.c 0x00000000   Number         0  system_stm32f4xx.o ABSOLUTE
    ..\Drivers\STM32F4xx_HAL_Driver\Src\stm32f4xx_hal.c 0x00000000   Number         0  stm32f4xx_hal.o ABSOLUTE
    ..\Drivers\STM32F4xx_HAL_Driver\Src\stm32f4xx_hal_adc.c 0x00000000   Number         0  stm32f4xx_hal_adc.o ABSOLUTE
    ..\Drivers\STM32F4xx_HAL_Driver\Src\stm32f4xx_hal_adc_ex.c 0x00000000   Number         0  stm32f4xx_hal_adc_ex.o ABSOLUTE
    ..\Drivers\STM32F4xx_HAL_Driver\Src\stm32f4xx_hal_cortex.c 0x00000000   Number         0  stm32f4xx_hal_cortex.o ABSOLUTE
    ..\Drivers\STM32F4xx_HAL_Driver\Src\stm32f4xx_hal_dma.c 0x00000000   Number         0  stm32f4xx_hal_dma.o ABSOLUTE
    ..\Drivers\STM32F4xx_HAL_Driver\Src\stm32f4xx_hal_dma2d.c 0x00000000   Number         0  stm32f4xx_hal_dma2d.o ABSOLUTE
    ..\Drivers\STM32F4xx_HAL_Driver\Src\stm32f4xx_hal_dma_ex.c 0x00000000   Number         0  stm32f4xx_hal_dma_ex.o ABSOLUTE
    ..\Drivers\STM32F4xx_HAL_Driver\Src\stm32f4xx_hal_flash.c 0x00000000   Number         0  stm32f4xx_hal_flash.o ABSOLUTE
    ..\Drivers\STM32F4xx_HAL_Driver\Src\stm32f4xx_hal_flash_ex.c 0x00000000   Number         0  stm32f4xx_hal_flash_ex.o ABSOLUTE
    ..\Drivers\STM32F4xx_HAL_Driver\Src\stm32f4xx_hal_flash_ramfunc.c 0x00000000   Number         0  stm32f4xx_hal_flash_ramfunc.o ABSOLUTE
    ..\Drivers\STM32F4xx_HAL_Driver\Src\stm32f4xx_hal_gpio.c 0x00000000   Number         0  stm32f4xx_hal_gpio.o ABSOLUTE
    ..\Drivers\STM32F4xx_HAL_Driver\Src\stm32f4xx_hal_i2c.c 0x00000000   Number         0  stm32f4xx_hal_i2c.o ABSOLUTE
    ..\Drivers\STM32F4xx_HAL_Driver\Src\stm32f4xx_hal_i2c_ex.c 0x00000000   Number         0  stm32f4xx_hal_i2c_ex.o ABSOLUTE
    ..\Drivers\STM32F4xx_HAL_Driver\Src\stm32f4xx_hal_ltdc.c 0x00000000   Number         0  stm32f4xx_hal_ltdc.o ABSOLUTE
    ..\Drivers\STM32F4xx_HAL_Driver\Src\stm32f4xx_hal_pwr.c 0x00000000   Number         0  stm32f4xx_hal_pwr.o ABSOLUTE
    ..\Drivers\STM32F4xx_HAL_Driver\Src\stm32f4xx_hal_pwr_ex.c 0x00000000   Number         0  stm32f4xx_hal_pwr_ex.o ABSOLUTE
    ..\Drivers\STM32F4xx_HAL_Driver\Src\stm32f4xx_hal_rcc.c 0x00000000   Number         0  stm32f4xx_hal_rcc.o ABSOLUTE
    ..\Drivers\STM32F4xx_HAL_Driver\Src\stm32f4xx_hal_rcc_ex.c 0x00000000   Number         0  stm32f4xx_hal_rcc_ex.o ABSOLUTE
    ..\Drivers\STM32F4xx_HAL_Driver\Src\stm32f4xx_hal_rng.c 0x00000000   Number         0  stm32f4xx_hal_rng.o ABSOLUTE
    ..\Drivers\STM32F4xx_HAL_Driver\Src\stm32f4xx_hal_sdram.c 0x00000000   Number         0  stm32f4xx_hal_sdram.o ABSOLUTE
    ..\Drivers\STM32F4xx_HAL_Driver\Src\stm32f4xx_hal_spi.c 0x00000000   Number         0  stm32f4xx_hal_spi.o ABSOLUTE
    ..\Drivers\STM32F4xx_HAL_Driver\Src\stm32f4xx_ll_fmc.c 0x00000000   Number         0  stm32f4xx_ll_fmc.o ABSOLUTE
    ..\Src\Source\CommonTables\arm_common_tables.c 0x00000000   Number         0  arm_common_tables.o ABSOLUTE
    ..\Src\Source\ComplexMathFunctions\arm_cmplx_mag_f32.c 0x00000000   Number         0  arm_cmplx_mag_f32.o ABSOLUTE
    ..\Src\Source\StatisticsFunctions\arm_max_f32.c 0x00000000   Number         0  arm_max_f32.o ABSOLUTE
    ..\Src\TransformFunctions\arm_bitreversal.c 0x00000000   Number         0  arm_bitreversal.o ABSOLUTE
    ..\Src\TransformFunctions\arm_cfft_radix4_f32.c 0x00000000   Number         0  arm_cfft_radix4_f32.o ABSOLUTE
    ..\Src\TransformFunctions\arm_cfft_radix4_init_f32.c 0x00000000   Number         0  arm_cfft_radix4_init_f32.o ABSOLUTE
    ..\Src\main.c                            0x00000000   Number         0  main.o ABSOLUTE
    ..\Src\stm32f4xx_hal_msp.c               0x00000000   Number         0  stm32f4xx_hal_msp.o ABSOLUTE
    ..\Src\stm32f4xx_it.c                    0x00000000   Number         0  stm32f4xx_it.o ABSOLUTE
    ..\\Drivers\\BSP\\STM32F429I-Discovery\\stm32f429i_discovery.c 0x00000000   Number         0  stm32f429i_discovery.o ABSOLUTE
    ..\\Drivers\\BSP\\STM32F429I-Discovery\\stm32f429i_discovery_lcd.c 0x00000000   Number         0  stm32f429i_discovery_lcd.o ABSOLUTE
    ..\\Drivers\\BSP\\STM32F429I-Discovery\\stm32f429i_discovery_sdram.c 0x00000000   Number         0  stm32f429i_discovery_sdram.o ABSOLUTE
    ..\\Drivers\\CMSIS\\Device\\ST\\STM32F4xx\\Source\\Templates\\system_stm32f4xx.c 0x00000000   Number         0  system_stm32f4xx.o ABSOLUTE
    ..\\Drivers\\STM32F4xx_HAL_Driver\\Src\\stm32f4xx_hal.c 0x00000000   Number         0  stm32f4xx_hal.o ABSOLUTE
    ..\\Drivers\\STM32F4xx_HAL_Driver\\Src\\stm32f4xx_hal_adc.c 0x00000000   Number         0  stm32f4xx_hal_adc.o ABSOLUTE
    ..\\Drivers\\STM32F4xx_HAL_Driver\\Src\\stm32f4xx_hal_adc_ex.c 0x00000000   Number         0  stm32f4xx_hal_adc_ex.o ABSOLUTE
    ..\\Drivers\\STM32F4xx_HAL_Driver\\Src\\stm32f4xx_hal_cortex.c 0x00000000   Number         0  stm32f4xx_hal_cortex.o ABSOLUTE
    ..\\Drivers\\STM32F4xx_HAL_Driver\\Src\\stm32f4xx_hal_dma.c 0x00000000   Number         0  stm32f4xx_hal_dma.o ABSOLUTE
    ..\\Drivers\\STM32F4xx_HAL_Driver\\Src\\stm32f4xx_hal_dma2d.c 0x00000000   Number         0  stm32f4xx_hal_dma2d.o ABSOLUTE
    ..\\Drivers\\STM32F4xx_HAL_Driver\\Src\\stm32f4xx_hal_dma_ex.c 0x00000000   Number         0  stm32f4xx_hal_dma_ex.o ABSOLUTE
    ..\\Drivers\\STM32F4xx_HAL_Driver\\Src\\stm32f4xx_hal_flash.c 0x00000000   Number         0  stm32f4xx_hal_flash.o ABSOLUTE
    ..\\Drivers\\STM32F4xx_HAL_Driver\\Src\\stm32f4xx_hal_flash_ex.c 0x00000000   Number         0  stm32f4xx_hal_flash_ex.o ABSOLUTE
    ..\\Drivers\\STM32F4xx_HAL_Driver\\Src\\stm32f4xx_hal_flash_ramfunc.c 0x00000000   Number         0  stm32f4xx_hal_flash_ramfunc.o ABSOLUTE
    ..\\Drivers\\STM32F4xx_HAL_Driver\\Src\\stm32f4xx_hal_gpio.c 0x00000000   Number         0  stm32f4xx_hal_gpio.o ABSOLUTE
    ..\\Drivers\\STM32F4xx_HAL_Driver\\Src\\stm32f4xx_hal_i2c.c 0x00000000   Number         0  stm32f4xx_hal_i2c.o ABSOLUTE
    ..\\Drivers\\STM32F4xx_HAL_Driver\\Src\\stm32f4xx_hal_i2c_ex.c 0x00000000   Number         0  stm32f4xx_hal_i2c_ex.o ABSOLUTE
    ..\\Drivers\\STM32F4xx_HAL_Driver\\Src\\stm32f4xx_hal_ltdc.c 0x00000000   Number         0  stm32f4xx_hal_ltdc.o ABSOLUTE
    ..\\Drivers\\STM32F4xx_HAL_Driver\\Src\\stm32f4xx_hal_pwr.c 0x00000000   Number         0  stm32f4xx_hal_pwr.o ABSOLUTE
    ..\\Drivers\\STM32F4xx_HAL_Driver\\Src\\stm32f4xx_hal_pwr_ex.c 0x00000000   Number         0  stm32f4xx_hal_pwr_ex.o ABSOLUTE
    ..\\Drivers\\STM32F4xx_HAL_Driver\\Src\\stm32f4xx_hal_rcc.c 0x00000000   Number         0  stm32f4xx_hal_rcc.o ABSOLUTE
    ..\\Drivers\\STM32F4xx_HAL_Driver\\Src\\stm32f4xx_hal_rcc_ex.c 0x00000000   Number         0  stm32f4xx_hal_rcc_ex.o ABSOLUTE
    ..\\Drivers\\STM32F4xx_HAL_Driver\\Src\\stm32f4xx_hal_rng.c 0x00000000   Number         0  stm32f4xx_hal_rng.o ABSOLUTE
    ..\\Drivers\\STM32F4xx_HAL_Driver\\Src\\stm32f4xx_hal_sdram.c 0x00000000   Number         0  stm32f4xx_hal_sdram.o ABSOLUTE
    ..\\Drivers\\STM32F4xx_HAL_Driver\\Src\\stm32f4xx_hal_spi.c 0x00000000   Number         0  stm32f4xx_hal_spi.o ABSOLUTE
    ..\\Drivers\\STM32F4xx_HAL_Driver\\Src\\stm32f4xx_ll_fmc.c 0x00000000   Number         0  stm32f4xx_ll_fmc.o ABSOLUTE
    ..\\Src\\Source\\CommonTables\\arm_common_tables.c 0x00000000   Number         0  arm_common_tables.o ABSOLUTE
    ..\\Src\\Source\\ComplexMathFunctions\\arm_cmplx_mag_f32.c 0x00000000   Number         0  arm_cmplx_mag_f32.o ABSOLUTE
    ..\\Src\\Source\\StatisticsFunctions\\arm_max_f32.c 0x00000000   Number         0  arm_max_f32.o ABSOLUTE
    ..\\Src\\TransformFunctions\\arm_bitreversal.c 0x00000000   Number         0  arm_bitreversal.o ABSOLUTE
    ..\\Src\\TransformFunctions\\arm_cfft_radix4_f32.c 0x00000000   Number         0  arm_cfft_radix4_f32.o ABSOLUTE
    ..\\Src\\TransformFunctions\\arm_cfft_radix4_init_f32.c 0x00000000   Number         0  arm_cfft_radix4_init_f32.o ABSOLUTE
    ..\\Src\\main.c                          0x00000000   Number         0  main.o ABSOLUTE
    ..\\Src\\stm32f4xx_hal_msp.c             0x00000000   Number         0  stm32f4xx_hal_msp.o ABSOLUTE
    ..\\Src\\stm32f4xx_it.c                  0x00000000   Number         0  stm32f4xx_it.o ABSOLUTE
    cdrcmple.s                               0x00000000   Number         0  cdrcmple.o ABSOLUTE
    dc.s                                     0x00000000   Number         0  dc.o ABSOLUTE
    handlers.s                               0x00000000   Number         0  handlers.o ABSOLUTE
    init.s                                   0x00000000   Number         0  init.o ABSOLUTE
    RESET                                    0x08000000   Section      428  startup_stm32f429xx.o(RESET)
    .ARM.Collect$$$$00000000                 0x080001ac   Section        0  entry.o(.ARM.Collect$$$$00000000)
    .ARM.Collect$$$$00000001                 0x080001ac   Section        4  entry2.o(.ARM.Collect$$$$00000001)
    .ARM.Collect$$$$00000004                 0x080001b0   Section        4  entry5.o(.ARM.Collect$$$$00000004)
    .ARM.Collect$$$$00000008                 0x080001b4   Section        0  entry7b.o(.ARM.Collect$$$$00000008)
    .ARM.Collect$$$$0000000A                 0x080001b4   Section        0  entry8b.o(.ARM.Collect$$$$0000000A)
    .ARM.Collect$$$$0000000B                 0x080001b4   Section        8  entry9a.o(.ARM.Collect$$$$0000000B)
    .ARM.Collect$$$$0000000D                 0x080001bc   Section        0  entry10a.o(.ARM.Collect$$$$0000000D)
    .ARM.Collect$$$$0000000F                 0x080001bc   Section        0  entry11a.o(.ARM.Collect$$$$0000000F)
    .ARM.Collect$$$$00002712                 0x080001bc   Section        4  entry2.o(.ARM.Collect$$$$00002712)
    __lit__00000000                          0x080001bc   Data           4  entry2.o(.ARM.Collect$$$$00002712)
    .text                                    0x080001c0   Section       36  startup_stm32f429xx.o(.text)
    $v0                                      0x080001c0   Number         0  startup_stm32f429xx.o(.text)
    .text                                    0x080001e4   Section        0  memcpya.o(.text)
    .text                                    0x08000208   Section        0  dmul.o(.text)
    .text                                    0x080002ec   Section        0  dfixui.o(.text)
    .text                                    0x0800031e   Section        0  f2d.o(.text)
    .text                                    0x08000344   Section        0  uidiv.o(.text)
    .text                                    0x08000370   Section        0  llushr.o(.text)
    .text                                    0x08000390   Section        0  depilogue.o(.text)
    .text                                    0x08000390   Section        0  iusefp.o(.text)
    .text                                    0x0800044c   Section       36  init.o(.text)
    .text                                    0x08000470   Section        0  llshl.o(.text)
    i.ADC_Init                               0x08000490   Section        0  stm32f4xx_hal_adc.o(i.ADC_Init)
    ADC_Init                                 0x08000491   Thumb Code   308  stm32f4xx_hal_adc.o(i.ADC_Init)
    i.BSP_LCD_Clear                          0x080005c8   Section        0  stm32f429i_discovery_lcd.o(i.BSP_LCD_Clear)
    i.BSP_LCD_DisplayChar                    0x08000604   Section        0  stm32f429i_discovery_lcd.o(i.BSP_LCD_DisplayChar)
    i.BSP_LCD_DisplayOn                      0x08000638   Section        0  stm32f429i_discovery_lcd.o(i.BSP_LCD_DisplayOn)
    i.BSP_LCD_DisplayStringAt                0x0800064c   Section        0  stm32f429i_discovery_lcd.o(i.BSP_LCD_DisplayStringAt)
    i.BSP_LCD_DisplayStringAtLine            0x08000720   Section        0  stm32f429i_discovery_lcd.o(i.BSP_LCD_DisplayStringAtLine)
    i.BSP_LCD_DrawLine                       0x0800073c   Section        0  stm32f429i_discovery_lcd.o(i.BSP_LCD_DrawLine)
    i.BSP_LCD_DrawPixel                      0x0800080c   Section        0  stm32f429i_discovery_lcd.o(i.BSP_LCD_DrawPixel)
    i.BSP_LCD_GetFont                        0x08000840   Section        0  stm32f429i_discovery_lcd.o(i.BSP_LCD_GetFont)
    i.BSP_LCD_GetXSize                       0x0800085c   Section        0  stm32f429i_discovery_lcd.o(i.BSP_LCD_GetXSize)
    i.BSP_LCD_GetYSize                       0x08000868   Section        0  stm32f429i_discovery_lcd.o(i.BSP_LCD_GetYSize)
    i.BSP_LCD_Init                           0x08000874   Section        0  stm32f429i_discovery_lcd.o(i.BSP_LCD_Init)
    i.BSP_LCD_LayerDefaultInit               0x08000908   Section        0  stm32f429i_discovery_lcd.o(i.BSP_LCD_LayerDefaultInit)
    i.BSP_LCD_SelectLayer                    0x08000988   Section        0  stm32f429i_discovery_lcd.o(i.BSP_LCD_SelectLayer)
    i.BSP_LCD_SetFont                        0x08000994   Section        0  stm32f429i_discovery_lcd.o(i.BSP_LCD_SetFont)
    i.BSP_SDRAM_Init                         0x080009b0   Section        0  stm32f429i_discovery_sdram.o(i.BSP_SDRAM_Init)
    i.BSP_SDRAM_Initialization_sequence      0x08000a18   Section        0  stm32f429i_discovery_sdram.o(i.BSP_SDRAM_Initialization_sequence)
    i.DMA2D_SetConfig                        0x08000aa8   Section        0  stm32f4xx_hal_dma2d.o(i.DMA2D_SetConfig)
    DMA2D_SetConfig                          0x08000aa9   Thumb Code   148  stm32f4xx_hal_dma2d.o(i.DMA2D_SetConfig)
    i.DrawChar                               0x08000b3c   Section        0  stm32f429i_discovery_lcd.o(i.DrawChar)
    DrawChar                                 0x08000b3d   Thumb Code   202  stm32f429i_discovery_lcd.o(i.DrawChar)
    i.FMC_SDRAM_Init                         0x08000c10   Section        0  stm32f4xx_ll_fmc.o(i.FMC_SDRAM_Init)
    i.FMC_SDRAM_ProgramRefreshRate           0x08000c62   Section        0  stm32f4xx_ll_fmc.o(i.FMC_SDRAM_ProgramRefreshRate)
    i.FMC_SDRAM_SendCommand                  0x08000c6e   Section        0  stm32f4xx_ll_fmc.o(i.FMC_SDRAM_SendCommand)
    i.FMC_SDRAM_Timing_Init                  0x08000cb4   Section        0  stm32f4xx_ll_fmc.o(i.FMC_SDRAM_Timing_Init)
    i.FillBuffer                             0x08000d20   Section        0  stm32f429i_discovery_lcd.o(i.FillBuffer)
    FillBuffer                               0x08000d21   Thumb Code    90  stm32f429i_discovery_lcd.o(i.FillBuffer)
    i.HAL_ADCEx_InjectedConfigChannel        0x08000d84   Section        0  stm32f4xx_hal_adc_ex.o(i.HAL_ADCEx_InjectedConfigChannel)
    i.HAL_ADC_ConfigChannel                  0x08000f5c   Section        0  stm32f4xx_hal_adc.o(i.HAL_ADC_ConfigChannel)
    i.HAL_ADC_GetValue                       0x080010bc   Section        0  stm32f4xx_hal_adc.o(i.HAL_ADC_GetValue)
    i.HAL_ADC_Init                           0x080010c2   Section        0  stm32f4xx_hal_adc.o(i.HAL_ADC_Init)
    i.HAL_ADC_MspInit                        0x080010fc   Section        0  stm32f4xx_hal_msp.o(i.HAL_ADC_MspInit)
    i.HAL_ADC_PollForConversion              0x08001140   Section        0  stm32f4xx_hal_adc.o(i.HAL_ADC_PollForConversion)
    i.HAL_ADC_Start                          0x080011ac   Section        0  stm32f4xx_hal_adc.o(i.HAL_ADC_Start)
    i.HAL_ADC_Stop                           0x08001254   Section        0  stm32f4xx_hal_adc.o(i.HAL_ADC_Stop)
    i.HAL_DMA2D_ConfigLayer                  0x08001268   Section        0  stm32f4xx_hal_dma2d.o(i.HAL_DMA2D_ConfigLayer)
    i.HAL_DMA2D_Init                         0x0800134c   Section        0  stm32f4xx_hal_dma2d.o(i.HAL_DMA2D_Init)
    i.HAL_DMA2D_MspInit                      0x080013a8   Section        0  stm32f4xx_hal_msp.o(i.HAL_DMA2D_MspInit)
    i.HAL_DMA2D_PollForTransfer              0x080013d0   Section        0  stm32f4xx_hal_dma2d.o(i.HAL_DMA2D_PollForTransfer)
    i.HAL_DMA2D_Start                        0x080014b4   Section        0  stm32f4xx_hal_dma2d.o(i.HAL_DMA2D_Start)
    i.HAL_DMA_DeInit                         0x080014f4   Section        0  stm32f4xx_hal_dma.o(i.HAL_DMA_DeInit)
    i.HAL_DMA_Init                           0x080020e4   Section        0  stm32f4xx_hal_dma.o(i.HAL_DMA_Init)
    i.HAL_Delay                              0x08002158   Section        0  stm32f4xx_hal.o(i.HAL_Delay)
    i.HAL_FMC_MspInit                        0x08002170   Section        0  stm32f4xx_hal_msp.o(i.HAL_FMC_MspInit)
    HAL_FMC_MspInit                          0x08002171   Thumb Code   182  stm32f4xx_hal_msp.o(i.HAL_FMC_MspInit)
    i.HAL_GPIO_DeInit                        0x08002248   Section        0  stm32f4xx_hal_gpio.o(i.HAL_GPIO_DeInit)
    i.HAL_GPIO_Init                          0x080023a4   Section        0  stm32f4xx_hal_gpio.o(i.HAL_GPIO_Init)
    i.HAL_GPIO_WritePin                      0x08002584   Section        0  stm32f4xx_hal_gpio.o(i.HAL_GPIO_WritePin)
    i.HAL_GetTick                            0x08002594   Section        0  stm32f4xx_hal.o(i.HAL_GetTick)
    i.HAL_I2C_Init                           0x080025a0   Section        0  stm32f4xx_hal_i2c.o(i.HAL_I2C_Init)
    i.HAL_I2C_MspInit                        0x080026a4   Section        0  stm32f4xx_hal_msp.o(i.HAL_I2C_MspInit)
    i.HAL_IncTick                            0x08002708   Section        0  stm32f4xx_hal.o(i.HAL_IncTick)
    i.HAL_Init                               0x08002718   Section        0  stm32f4xx_hal.o(i.HAL_Init)
    i.HAL_InitTick                           0x0800274c   Section        0  stm32f4xx_hal.o(i.HAL_InitTick)
    i.HAL_LTDC_ConfigLayer                   0x0800276e   Section        0  stm32f4xx_hal_ltdc.o(i.HAL_LTDC_ConfigLayer)
    i.HAL_LTDC_EnableDither                  0x080027c4   Section        0  stm32f4xx_hal_ltdc.o(i.HAL_LTDC_EnableDither)
    i.HAL_LTDC_Init                          0x080027f4   Section        0  stm32f4xx_hal_ltdc.o(i.HAL_LTDC_Init)
    i.HAL_LTDC_MspInit                       0x080028f4   Section        0  stm32f4xx_hal_msp.o(i.HAL_LTDC_MspInit)
    i.HAL_MspInit                            0x080029ec   Section        0  stm32f4xx_hal_msp.o(i.HAL_MspInit)
    i.HAL_NVIC_EnableIRQ                     0x08002a02   Section        0  stm32f4xx_hal_cortex.o(i.HAL_NVIC_EnableIRQ)
    i.HAL_NVIC_SetPriority                   0x08002a18   Section        0  stm32f4xx_hal_cortex.o(i.HAL_NVIC_SetPriority)
    i.HAL_NVIC_SetPriorityGrouping           0x08002a58   Section        0  stm32f4xx_hal_cortex.o(i.HAL_NVIC_SetPriorityGrouping)
    i.HAL_RCCEx_PeriphCLKConfig              0x08002a7c   Section        0  stm32f4xx_hal_rcc_ex.o(i.HAL_RCCEx_PeriphCLKConfig)
    i.HAL_RCC_ClockConfig                    0x08002d34   Section        0  stm32f4xx_hal_rcc.o(i.HAL_RCC_ClockConfig)
    i.HAL_RCC_GetHCLKFreq                    0x08002f6c   Section        0  stm32f4xx_hal_rcc.o(i.HAL_RCC_GetHCLKFreq)
    i.HAL_RCC_GetPCLK1Freq                   0x08002fa0   Section        0  stm32f4xx_hal_rcc.o(i.HAL_RCC_GetPCLK1Freq)
    i.HAL_RCC_GetSysClockFreq                0x08002fcc   Section        0  stm32f4xx_hal_rcc.o(i.HAL_RCC_GetSysClockFreq)
    i.HAL_RCC_OscConfig                      0x0800304c   Section        0  stm32f4xx_hal_rcc.o(i.HAL_RCC_OscConfig)
    i.HAL_RNG_Init                           0x080033b0   Section        0  stm32f4xx_hal_rng.o(i.HAL_RNG_Init)
    i.HAL_RNG_MspInit                        0x080033f0   Section        0  stm32f4xx_hal_msp.o(i.HAL_RNG_MspInit)
    i.HAL_SDRAM_Init                         0x0800340c   Section        0  stm32f4xx_hal_sdram.o(i.HAL_SDRAM_Init)
    i.HAL_SDRAM_MspInit                      0x08003450   Section        0  stm32f4xx_hal_msp.o(i.HAL_SDRAM_MspInit)
    i.HAL_SDRAM_ProgramRefreshRate           0x08003454   Section        0  stm32f4xx_hal_sdram.o(i.HAL_SDRAM_ProgramRefreshRate)
    i.HAL_SDRAM_SendCommand                  0x0800347a   Section        0  stm32f4xx_hal_sdram.o(i.HAL_SDRAM_SendCommand)
    i.HAL_SPI_DeInit                         0x080034b2   Section        0  stm32f4xx_hal_spi.o(i.HAL_SPI_DeInit)
    i.HAL_SPI_GetState                       0x080034da   Section        0  stm32f4xx_hal_spi.o(i.HAL_SPI_GetState)
    i.HAL_SPI_Init                           0x080034e0   Section        0  stm32f4xx_hal_spi.o(i.HAL_SPI_Init)
    i.HAL_SPI_MspDeInit                      0x08003568   Section        0  stm32f4xx_hal_msp.o(i.HAL_SPI_MspDeInit)
    i.HAL_SPI_MspInit                        0x08003594   Section        0  stm32f4xx_hal_msp.o(i.HAL_SPI_MspInit)
    i.HAL_SPI_Receive                        0x080035e0   Section        0  stm32f4xx_hal_spi.o(i.HAL_SPI_Receive)
    i.HAL_SPI_Transmit                       0x080037ca   Section        0  stm32f4xx_hal_spi.o(i.HAL_SPI_Transmit)
    i.HAL_SPI_TransmitReceive                0x0800395a   Section        0  stm32f4xx_hal_spi.o(i.HAL_SPI_TransmitReceive)
    i.HAL_SYSTICK_CLKSourceConfig            0x08003c50   Section        0  stm32f4xx_hal_cortex.o(i.HAL_SYSTICK_CLKSourceConfig)
    i.HAL_SYSTICK_Callback                   0x08003c6c   Section        0  stm32f4xx_hal_cortex.o(i.HAL_SYSTICK_Callback)
    i.HAL_SYSTICK_Config                     0x08003c6e   Section        0  stm32f4xx_hal_cortex.o(i.HAL_SYSTICK_Config)
    i.HAL_SYSTICK_IRQHandler                 0x08003c96   Section        0  stm32f4xx_hal_cortex.o(i.HAL_SYSTICK_IRQHandler)
    i.LCD_Delay                              0x08003c9e   Section        0  stm32f429i_discovery.o(i.LCD_Delay)
    i.LCD_IO_Init                            0x08003ca4   Section        0  stm32f429i_discovery.o(i.LCD_IO_Init)
    i.LCD_IO_ReadData                        0x08003d58   Section        0  stm32f429i_discovery.o(i.LCD_IO_ReadData)
    i.LCD_IO_WriteData                       0x08003dac   Section        0  stm32f429i_discovery.o(i.LCD_IO_WriteData)
    i.LCD_IO_WriteReg                        0x08003de4   Section        0  stm32f429i_discovery.o(i.LCD_IO_WriteReg)
    i.LTDC_SetConfig                         0x08003e1c   Section        0  stm32f4xx_hal_ltdc.o(i.LTDC_SetConfig)
    LTDC_SetConfig                           0x08003e1d   Thumb Code   350  stm32f4xx_hal_ltdc.o(i.LTDC_SetConfig)
    i.MX_ADC1_Init                           0x08003f7c   Section        0  main.o(i.MX_ADC1_Init)
    MX_ADC1_Init                             0x08003f7d   Thumb Code    84  main.o(i.MX_ADC1_Init)
    i.MX_DMA2D_Init                          0x08003fd8   Section        0  main.o(i.MX_DMA2D_Init)
    MX_DMA2D_Init                            0x08003fd9   Thumb Code    42  main.o(i.MX_DMA2D_Init)
    i.MX_FMC_Init                            0x0800400c   Section        0  main.o(i.MX_FMC_Init)
    MX_FMC_Init                              0x0800400d   Thumb Code    64  main.o(i.MX_FMC_Init)
    i.MX_GPIO_Init                           0x08004054   Section        0  main.o(i.MX_GPIO_Init)
    MX_GPIO_Init                             0x08004055   Thumb Code   134  main.o(i.MX_GPIO_Init)
    i.MX_I2C3_Init                           0x080040e0   Section        0  main.o(i.MX_I2C3_Init)
    MX_I2C3_Init                             0x080040e1   Thumb Code    34  main.o(i.MX_I2C3_Init)
    i.MX_LTDC_Init                           0x08004110   Section        0  main.o(i.MX_LTDC_Init)
    MX_LTDC_Init                             0x08004111   Thumb Code   172  main.o(i.MX_LTDC_Init)
    i.MX_RNG_Init                            0x080041c4   Section        0  main.o(i.MX_RNG_Init)
    MX_RNG_Init                              0x080041c5   Thumb Code    12  main.o(i.MX_RNG_Init)
    i.MX_SPI5_Init                           0x080041d8   Section        0  main.o(i.MX_SPI5_Init)
    MX_SPI5_Init                             0x080041d9   Thumb Code    44  main.o(i.MX_SPI5_Init)
    i.MspInit                                0x0800420c   Section        0  stm32f429i_discovery_lcd.o(i.MspInit)
    MspInit                                  0x0800420d   Thumb Code   262  stm32f429i_discovery_lcd.o(i.MspInit)
    i.MspInit                                0x08004330   Section        0  stm32f429i_discovery_sdram.o(i.MspInit)
    MspInit                                  0x08004331   Thumb Code   316  stm32f429i_discovery_sdram.o(i.MspInit)
    i.NVIC_SetPriority                       0x08004490   Section        0  stm32f4xx_hal_cortex.o(i.NVIC_SetPriority)
    NVIC_SetPriority                         0x08004491   Thumb Code    32  stm32f4xx_hal_cortex.o(i.NVIC_SetPriority)
    i.SPI_WaitOnFlagUntilTimeout             0x080044b0   Section        0  stm32f4xx_hal_spi.o(i.SPI_WaitOnFlagUntilTimeout)
    SPI_WaitOnFlagUntilTimeout               0x080044b1   Thumb Code   214  stm32f4xx_hal_spi.o(i.SPI_WaitOnFlagUntilTimeout)
    i.SPIx_Error                             0x08004588   Section        0  stm32f429i_discovery.o(i.SPIx_Error)
    SPIx_Error                               0x08004589   Thumb Code    16  stm32f429i_discovery.o(i.SPIx_Error)
    i.SPIx_Init                              0x0800459c   Section        0  stm32f429i_discovery.o(i.SPIx_Init)
    SPIx_Init                                0x0800459d   Thumb Code    70  stm32f429i_discovery.o(i.SPIx_Init)
    i.SPIx_MspInit                           0x080045ec   Section        0  stm32f429i_discovery.o(i.SPIx_MspInit)
    SPIx_MspInit                             0x080045ed   Thumb Code    74  stm32f429i_discovery.o(i.SPIx_MspInit)
    i.SPIx_Read                              0x08004640   Section        0  stm32f429i_discovery.o(i.SPIx_Read)
    SPIx_Read                                0x08004641   Thumb Code    26  stm32f429i_discovery.o(i.SPIx_Read)
    i.SPIx_Write                             0x08004664   Section        0  stm32f429i_discovery.o(i.SPIx_Write)
    SPIx_Write                               0x08004665   Thumb Code    26  stm32f429i_discovery.o(i.SPIx_Write)
    i.SysTick_Handler                        0x08004688   Section        0  stm32f4xx_it.o(i.SysTick_Handler)
    i.SystemClock_Config                     0x08004698   Section        0  main.o(i.SystemClock_Config)
    i.SystemInit                             0x08004734   Section        0  system_stm32f4xx.o(i.SystemInit)
    i.__0sprintf$1                           0x08004788   Section        0  printf1.o(i.__0sprintf$1)
    i.__scatterload_copy                     0x080047b0   Section       14  handlers.o(i.__scatterload_copy)
    i.__scatterload_null                     0x080047be   Section        2  handlers.o(i.__scatterload_null)
    i.__scatterload_zeroinit                 0x080047c0   Section       14  handlers.o(i.__scatterload_zeroinit)
    i._printf_core                           0x080047d0   Section        0  printf1.o(i._printf_core)
    _printf_core                             0x080047d1   Thumb Code   336  printf1.o(i._printf_core)
    i._sputc                                 0x08004924   Section        0  printf1.o(i._sputc)
    _sputc                                   0x08004925   Thumb Code    10  printf1.o(i._sputc)
    i.arm_bitreversal_f32                    0x0800492e   Section        0  arm_bitreversal.o(i.arm_bitreversal_f32)
    i.arm_cfft_radix4_f32                    0x08004a12   Section        0  arm_cfft_radix4_f32.o(i.arm_cfft_radix4_f32)
    i.arm_cfft_radix4_init_f32               0x08004a50   Section        0  arm_cfft_radix4_init_f32.o(i.arm_cfft_radix4_init_f32)
    i.arm_cmplx_mag_f32                      0x08004b10   Section        0  arm_cmplx_mag_f32.o(i.arm_cmplx_mag_f32)
    i.arm_max_f32                            0x08004bac   Section        0  arm_max_f32.o(i.arm_max_f32)
    i.arm_radix4_butterfly_f32               0x08004c3c   Section        0  arm_cfft_radix4_f32.o(i.arm_radix4_butterfly_f32)
    i.arm_radix4_butterfly_inverse_f32       0x08004fe0   Section        0  arm_cfft_radix4_f32.o(i.arm_radix4_butterfly_inverse_f32)
    i.arm_sqrt_f32                           0x080053b8   Section        0  arm_cmplx_mag_f32.o(i.arm_sqrt_f32)
    arm_sqrt_f32                             0x080053b9   Thumb Code    36  arm_cmplx_mag_f32.o(i.arm_sqrt_f32)
    i.fft                                    0x080053e0   Section        0  main.o(i.fft)
    i.ili9341_DisplayOff                     0x08005508   Section        0  ili9341.o(i.ili9341_DisplayOff)
    i.ili9341_DisplayOn                      0x0800550e   Section        0  ili9341.o(i.ili9341_DisplayOn)
    i.ili9341_GetLcdPixelHeight              0x08005514   Section        0  ili9341.o(i.ili9341_GetLcdPixelHeight)
    i.ili9341_GetLcdPixelWidth               0x0800551a   Section        0  ili9341.o(i.ili9341_GetLcdPixelWidth)
    i.ili9341_Init                           0x0800551e   Section        0  ili9341.o(i.ili9341_Init)
    i.ili9341_ReadData                       0x080057b0   Section        0  ili9341.o(i.ili9341_ReadData)
    i.ili9341_ReadID                         0x080057b4   Section        0  ili9341.o(i.ili9341_ReadID)
    i.ili9341_WriteData                      0x080057c6   Section        0  ili9341.o(i.ili9341_WriteData)
    i.ili9341_WriteReg                       0x080057ca   Section        0  ili9341.o(i.ili9341_WriteReg)
    i.main                                   0x080057d0   Section        0  main.o(i.main)
    .constdata                               0x08005868   Section       16  stm32f4xx_hal_rcc.o(.constdata)
    .constdata                               0x08005878   Section     6840  stm32f429i_discovery_lcd.o(.constdata)
    .constdata                               0x08007330   Section     2048  arm_common_tables.o(.constdata)
    .constdata                               0x08007b30   Section    32768  arm_common_tables.o(.constdata)
    .data                                    0x20000000   Section        4  stm32f4xx_hal.o(.data)
    uwTick                                   0x20000000   Data           4  stm32f4xx_hal.o(.data)
    .data                                    0x20000004   Section        4  system_stm32f4xx.o(.data)
    .data                                    0x20000008   Section        8  stm32f4xx_hal_msp.o(.data)
    FMC_Initialized                          0x20000008   Data           4  stm32f4xx_hal_msp.o(.data)
    FMC_DeInitialized                        0x2000000c   Data           4  stm32f4xx_hal_msp.o(.data)
    .data                                    0x20000010   Section       24  stm32f429i_discovery.o(.data)
    Is_LCD_IO_Initialized                    0x20000010   Data           1  stm32f429i_discovery.o(.data)
    .data                                    0x20000028   Section       16  stm32f429i_discovery_lcd.o(.data)
    ActiveLayer                              0x20000028   Data           4  stm32f429i_discovery_lcd.o(.data)
    .data                                    0x20000038   Section       56  ili9341.o(.data)
    .bss                                     0x20000070   Section    33280  main.o(.bss)
    .bss                                     0x20008270   Section      148  stm32f429i_discovery.o(.bss)
    SpiHandle                                0x200082ac   Data          88  stm32f429i_discovery.o(.bss)
    .bss                                     0x20008304   Section      304  stm32f429i_discovery_lcd.o(.bss)
    LtdcHandler                              0x20008304   Data         168  stm32f429i_discovery_lcd.o(.bss)
    Dma2dHandler                             0x200083ac   Data          64  stm32f429i_discovery_lcd.o(.bss)
    PeriphClkInitStruct                      0x200083ec   Data          48  stm32f429i_discovery_lcd.o(.bss)
    DrawProp                                 0x2000841c   Data          24  stm32f429i_discovery_lcd.o(.bss)
    .bss                                     0x20008434   Section      176  stm32f429i_discovery_sdram.o(.bss)
    dmaHandle                                0x20008434   Data          80  stm32f429i_discovery_sdram.o(.bss)
    SdramHandle                              0x20008484   Data          52  stm32f429i_discovery_sdram.o(.bss)
    Timing                                   0x200084b8   Data          28  stm32f429i_discovery_sdram.o(.bss)
    Command                                  0x200084d4   Data          16  stm32f429i_discovery_sdram.o(.bss)
    STACK                                    0x200084e8   Section     1024  startup_stm32f429xx.o(STACK)

    Global Symbols

    Symbol Name                              Value     Ov Type        Size  Object(Section)

    BuildAttributes$$THM_ISAv4$E$P$D$K$B$S$7EM$VFPi3$EXTD16$VFPS$VFMA$PE$A:L22UL41UL21$X:L11$S22US41US21$IEEE1$IW$USESV6$~STKCKD$USESV7$~SHL$OSPACE$ROPI$EBA8$MICROLIB$REQ8$PRES8$EABIv2 0x00000000   Number         0  anon$$obj.o ABSOLUTE
    __ARM_use_no_argv                        0x00000000   Number         0  main.o ABSOLUTE
    _printf_a                                0x00000000   Number         0  stubs.o ABSOLUTE
    _printf_c                                0x00000000   Number         0  stubs.o ABSOLUTE
    _printf_charcount                        0x00000000   Number         0  stubs.o ABSOLUTE
    _printf_d                                0x00000000   Number         0  stubs.o ABSOLUTE
    _printf_e                                0x00000000   Number         0  stubs.o ABSOLUTE
    _printf_f                                0x00000000   Number         0  stubs.o ABSOLUTE
    _printf_flags                            0x00000000   Number         0  stubs.o ABSOLUTE
    _printf_fp_dec                           0x00000000   Number         0  stubs.o ABSOLUTE
    _printf_fp_hex                           0x00000000   Number         0  stubs.o ABSOLUTE
    _printf_g                                0x00000000   Number         0  stubs.o ABSOLUTE
    _printf_i                                0x00000000   Number         0  stubs.o ABSOLUTE
    _printf_int_dec                          0x00000000   Number         0  stubs.o ABSOLUTE
    _printf_l                                0x00000000   Number         0  stubs.o ABSOLUTE
    _printf_lc                               0x00000000   Number         0  stubs.o ABSOLUTE
    _printf_ll                               0x00000000   Number         0  stubs.o ABSOLUTE
    _printf_lld                              0x00000000   Number         0  stubs.o ABSOLUTE
    _printf_lli                              0x00000000   Number         0  stubs.o ABSOLUTE
    _printf_llo                              0x00000000   Number         0  stubs.o ABSOLUTE
    _printf_llu                              0x00000000   Number         0  stubs.o ABSOLUTE
    _printf_llx                              0x00000000   Number         0  stubs.o ABSOLUTE
    _printf_longlong_dec                     0x00000000   Number         0  stubs.o ABSOLUTE
    _printf_longlong_hex                     0x00000000   Number         0  stubs.o ABSOLUTE
    _printf_longlong_oct                     0x00000000   Number         0  stubs.o ABSOLUTE
    _printf_ls                               0x00000000   Number         0  stubs.o ABSOLUTE
    _printf_mbtowc                           0x00000000   Number         0  stubs.o ABSOLUTE
    _printf_n                                0x00000000   Number         0  stubs.o ABSOLUTE
    _printf_o                                0x00000000   Number         0  stubs.o ABSOLUTE
    _printf_p                                0x00000000   Number         0  stubs.o ABSOLUTE
    _printf_percent                          0x00000000   Number         0  stubs.o ABSOLUTE
    _printf_pre_padding                      0x00000000   Number         0  stubs.o ABSOLUTE
    _printf_return_value                     0x00000000   Number         0  stubs.o ABSOLUTE
    _printf_s                                0x00000000   Number         0  stubs.o ABSOLUTE
    _printf_sizespec                         0x00000000   Number         0  stubs.o ABSOLUTE
    _printf_str                              0x00000000   Number         0  stubs.o ABSOLUTE
    _printf_truncate_signed                  0x00000000   Number         0  stubs.o ABSOLUTE
    _printf_truncate_unsigned                0x00000000   Number         0  stubs.o ABSOLUTE
    _printf_u                                0x00000000   Number         0  stubs.o ABSOLUTE
    _printf_wc                               0x00000000   Number         0  stubs.o ABSOLUTE
    _printf_wctomb                           0x00000000   Number         0  stubs.o ABSOLUTE
    _printf_widthprec                        0x00000000   Number         0  stubs.o ABSOLUTE
    _printf_x                                0x00000000   Number         0  stubs.o ABSOLUTE
    __cpp_initialize__aeabi_                  - Undefined Weak Reference
    __cxa_finalize                            - Undefined Weak Reference
    __decompress                              - Undefined Weak Reference
    _clock_init                               - Undefined Weak Reference
    _microlib_exit                            - Undefined Weak Reference
    __Vectors_Size                           0x000001ac   Number         0  startup_stm32f429xx.o ABSOLUTE
    __Vectors                                0x08000000   Data           4  startup_stm32f429xx.o(RESET)
    __Vectors_End                            0x080001ac   Data           0  startup_stm32f429xx.o(RESET)
    __main                                   0x080001ad   Thumb Code     0  entry.o(.ARM.Collect$$$$00000000)
    _main_stk                                0x080001ad   Thumb Code     0  entry2.o(.ARM.Collect$$$$00000001)
    _main_scatterload                        0x080001b1   Thumb Code     0  entry5.o(.ARM.Collect$$$$00000004)
    __main_after_scatterload                 0x080001b5   Thumb Code     0  entry5.o(.ARM.Collect$$$$00000004)
    _main_clock                              0x080001b5   Thumb Code     0  entry7b.o(.ARM.Collect$$$$00000008)
    _main_cpp_init                           0x080001b5   Thumb Code     0  entry8b.o(.ARM.Collect$$$$0000000A)
    _main_init                               0x080001b5   Thumb Code     0  entry9a.o(.ARM.Collect$$$$0000000B)
    __rt_final_cpp                           0x080001bd   Thumb Code     0  entry10a.o(.ARM.Collect$$$$0000000D)
    __rt_final_exit                          0x080001bd   Thumb Code     0  entry11a.o(.ARM.Collect$$$$0000000F)
    Reset_Handler                            0x080001c1   Thumb Code     8  startup_stm32f429xx.o(.text)
    NMI_Handler                              0x080001c9   Thumb Code     2  startup_stm32f429xx.o(.text)
    HardFault_Handler                        0x080001cb   Thumb Code     2  startup_stm32f429xx.o(.text)
    MemManage_Handler                        0x080001cd   Thumb Code     2  startup_stm32f429xx.o(.text)
    BusFault_Handler                         0x080001cf   Thumb Code     2  startup_stm32f429xx.o(.text)
    UsageFault_Handler                       0x080001d1   Thumb Code     2  startup_stm32f429xx.o(.text)
    SVC_Handler                              0x080001d3   Thumb Code     2  startup_stm32f429xx.o(.text)
    DebugMon_Handler                         0x080001d5   Thumb Code     2  startup_stm32f429xx.o(.text)
    PendSV_Handler                           0x080001d7   Thumb Code     2  startup_stm32f429xx.o(.text)
    ADC_IRQHandler                           0x080001db   Thumb Code     0  startup_stm32f429xx.o(.text)
    CAN1_RX0_IRQHandler                      0x080001db   Thumb Code     0  startup_stm32f429xx.o(.text)
    CAN1_RX1_IRQHandler                      0x080001db   Thumb Code     0  startup_stm32f429xx.o(.text)
    CAN1_SCE_IRQHandler                      0x080001db   Thumb Code     0  startup_stm32f429xx.o(.text)
    CAN1_TX_IRQHandler                       0x080001db   Thumb Code     0  startup_stm32f429xx.o(.text)
    CAN2_RX0_IRQHandler                      0x080001db   Thumb Code     0  startup_stm32f429xx.o(.text)
    CAN2_RX1_IRQHandler                      0x080001db   Thumb Code     0  startup_stm32f429xx.o(.text)
    CAN2_SCE_IRQHandler                      0x080001db   Thumb Code     0  startup_stm32f429xx.o(.text)
    CAN2_TX_IRQHandler                       0x080001db   Thumb Code     0  startup_stm32f429xx.o(.text)
    DCMI_IRQHandler                          0x080001db   Thumb Code     0  startup_stm32f429xx.o(.text)
    DMA1_Stream0_IRQHandler                  0x080001db   Thumb Code     0  startup_stm32f429xx.o(.text)
    DMA1_Stream1_IRQHandler                  0x080001db   Thumb Code     0  startup_stm32f429xx.o(.text)
    DMA1_Stream2_IRQHandler                  0x080001db   Thumb Code     0  startup_stm32f429xx.o(.text)
    DMA1_Stream3_IRQHandler                  0x080001db   Thumb Code     0  startup_stm32f429xx.o(.text)
    DMA1_Stream4_IRQHandler                  0x080001db   Thumb Code     0  startup_stm32f429xx.o(.text)
    DMA1_Stream5_IRQHandler                  0x080001db   Thumb Code     0  startup_stm32f429xx.o(.text)
    DMA1_Stream6_IRQHandler                  0x080001db   Thumb Code     0  startup_stm32f429xx.o(.text)
    DMA1_Stream7_IRQHandler                  0x080001db   Thumb Code     0  startup_stm32f429xx.o(.text)
    DMA2D_IRQHandler                         0x080001db   Thumb Code     0  startup_stm32f429xx.o(.text)
    DMA2_Stream0_IRQHandler                  0x080001db   Thumb Code     0  startup_stm32f429xx.o(.text)
    DMA2_Stream1_IRQHandler                  0x080001db   Thumb Code     0  startup_stm32f429xx.o(.text)
    DMA2_Stream2_IRQHandler                  0x080001db   Thumb Code     0  startup_stm32f429xx.o(.text)
    DMA2_Stream3_IRQHandler                  0x080001db   Thumb Code     0  startup_stm32f429xx.o(.text)
    DMA2_Stream4_IRQHandler                  0x080001db   Thumb Code     0  startup_stm32f429xx.o(.text)
    DMA2_Stream5_IRQHandler                  0x080001db   Thumb Code     0  startup_stm32f429xx.o(.text)
    DMA2_Stream6_IRQHandler                  0x080001db   Thumb Code     0  startup_stm32f429xx.o(.text)
    DMA2_Stream7_IRQHandler                  0x080001db   Thumb Code     0  startup_stm32f429xx.o(.text)
    ETH_IRQHandler                           0x080001db   Thumb Code     0  startup_stm32f429xx.o(.text)
    ETH_WKUP_IRQHandler                      0x080001db   Thumb Code     0  startup_stm32f429xx.o(.text)
    EXTI0_IRQHandler                         0x080001db   Thumb Code     0  startup_stm32f429xx.o(.text)
    EXTI15_10_IRQHandler                     0x080001db   Thumb Code     0  startup_stm32f429xx.o(.text)
    EXTI1_IRQHandler                         0x080001db   Thumb Code     0  startup_stm32f429xx.o(.text)
    EXTI2_IRQHandler                         0x080001db   Thumb Code     0  startup_stm32f429xx.o(.text)
    EXTI3_IRQHandler                         0x080001db   Thumb Code     0  startup_stm32f429xx.o(.text)
    EXTI4_IRQHandler                         0x080001db   Thumb Code     0  startup_stm32f429xx.o(.text)
    EXTI9_5_IRQHandler                       0x080001db   Thumb Code     0  startup_stm32f429xx.o(.text)
    FLASH_IRQHandler                         0x080001db   Thumb Code     0  startup_stm32f429xx.o(.text)
    FMC_IRQHandler                           0x080001db   Thumb Code     0  startup_stm32f429xx.o(.text)
    FPU_IRQHandler                           0x080001db   Thumb Code     0  startup_stm32f429xx.o(.text)
    HASH_RNG_IRQHandler                      0x080001db   Thumb Code     0  startup_stm32f429xx.o(.text)
    I2C1_ER_IRQHandler                       0x080001db   Thumb Code     0  startup_stm32f429xx.o(.text)
    I2C1_EV_IRQHandler                       0x080001db   Thumb Code     0  startup_stm32f429xx.o(.text)
    I2C2_ER_IRQHandler                       0x080001db   Thumb Code     0  startup_stm32f429xx.o(.text)
    I2C2_EV_IRQHandler                       0x080001db   Thumb Code     0  startup_stm32f429xx.o(.text)
    I2C3_ER_IRQHandler                       0x080001db   Thumb Code     0  startup_stm32f429xx.o(.text)
    I2C3_EV_IRQHandler                       0x080001db   Thumb Code     0  startup_stm32f429xx.o(.text)
    LTDC_ER_IRQHandler                       0x080001db   Thumb Code     0  startup_stm32f429xx.o(.text)
    LTDC_IRQHandler                          0x080001db   Thumb Code     0  startup_stm32f429xx.o(.text)
    OTG_FS_IRQHandler                        0x080001db   Thumb Code     0  startup_stm32f429xx.o(.text)
    OTG_FS_WKUP_IRQHandler                   0x080001db   Thumb Code     0  startup_stm32f429xx.o(.text)
    OTG_HS_EP1_IN_IRQHandler                 0x080001db   Thumb Code     0  startup_stm32f429xx.o(.text)
    OTG_HS_EP1_OUT_IRQHandler                0x080001db   Thumb Code     0  startup_stm32f429xx.o(.text)
    OTG_HS_IRQHandler                        0x080001db   Thumb Code     0  startup_stm32f429xx.o(.text)
    OTG_HS_WKUP_IRQHandler                   0x080001db   Thumb Code     0  startup_stm32f429xx.o(.text)
    PVD_IRQHandler                           0x080001db   Thumb Code     0  startup_stm32f429xx.o(.text)
    RCC_IRQHandler                           0x080001db   Thumb Code     0  startup_stm32f429xx.o(.text)
    RTC_Alarm_IRQHandler                     0x080001db   Thumb Code     0  startup_stm32f429xx.o(.text)
    RTC_WKUP_IRQHandler                      0x080001db   Thumb Code     0  startup_stm32f429xx.o(.text)
    SAI1_IRQHandler                          0x080001db   Thumb Code     0  startup_stm32f429xx.o(.text)
    SDIO_IRQHandler                          0x080001db   Thumb Code     0  startup_stm32f429xx.o(.text)
    SPI1_IRQHandler                          0x080001db   Thumb Code     0  startup_stm32f429xx.o(.text)
    SPI2_IRQHandler                          0x080001db   Thumb Code     0  startup_stm32f429xx.o(.text)
    SPI3_IRQHandler                          0x080001db   Thumb Code     0  startup_stm32f429xx.o(.text)
    SPI4_IRQHandler                          0x080001db   Thumb Code     0  startup_stm32f429xx.o(.text)
    SPI5_IRQHandler                          0x080001db   Thumb Code     0  startup_stm32f429xx.o(.text)
    SPI6_IRQHandler                          0x080001db   Thumb Code     0  startup_stm32f429xx.o(.text)
    TAMP_STAMP_IRQHandler                    0x080001db   Thumb Code     0  startup_stm32f429xx.o(.text)
    TIM1_BRK_TIM9_IRQHandler                 0x080001db   Thumb Code     0  startup_stm32f429xx.o(.text)
    TIM1_CC_IRQHandler                       0x080001db   Thumb Code     0  startup_stm32f429xx.o(.text)
    TIM1_TRG_COM_TIM11_IRQHandler            0x080001db   Thumb Code     0  startup_stm32f429xx.o(.text)
    TIM1_UP_TIM10_IRQHandler                 0x080001db   Thumb Code     0  startup_stm32f429xx.o(.text)
    TIM2_IRQHandler                          0x080001db   Thumb Code     0  startup_stm32f429xx.o(.text)
    TIM3_IRQHandler                          0x080001db   Thumb Code     0  startup_stm32f429xx.o(.text)
    TIM4_IRQHandler                          0x080001db   Thumb Code     0  startup_stm32f429xx.o(.text)
    TIM5_IRQHandler                          0x080001db   Thumb Code     0  startup_stm32f429xx.o(.text)
    TIM6_DAC_IRQHandler                      0x080001db   Thumb Code     0  startup_stm32f429xx.o(.text)
    TIM7_IRQHandler                          0x080001db   Thumb Code     0  startup_stm32f429xx.o(.text)
    TIM8_BRK_TIM12_IRQHandler                0x080001db   Thumb Code     0  startup_stm32f429xx.o(.text)
    TIM8_CC_IRQHandler                       0x080001db   Thumb Code     0  startup_stm32f429xx.o(.text)
    TIM8_TRG_COM_TIM14_IRQHandler            0x080001db   Thumb Code     0  startup_stm32f429xx.o(.text)
    TIM8_UP_TIM13_IRQHandler                 0x080001db   Thumb Code     0  startup_stm32f429xx.o(.text)
    UART4_IRQHandler                         0x080001db   Thumb Code     0  startup_stm32f429xx.o(.text)
    UART5_IRQHandler                         0x080001db   Thumb Code     0  startup_stm32f429xx.o(.text)
    UART7_IRQHandler                         0x080001db   Thumb Code     0  startup_stm32f429xx.o(.text)
    UART8_IRQHandler                         0x080001db   Thumb Code     0  startup_stm32f429xx.o(.text)
    USART1_IRQHandler                        0x080001db   Thumb Code     0  startup_stm32f429xx.o(.text)
    USART2_IRQHandler                        0x080001db   Thumb Code     0  startup_stm32f429xx.o(.text)
    USART3_IRQHandler                        0x080001db   Thumb Code     0  startup_stm32f429xx.o(.text)
    USART6_IRQHandler                        0x080001db   Thumb Code     0  startup_stm32f429xx.o(.text)
    WWDG_IRQHandler                          0x080001db   Thumb Code     0  startup_stm32f429xx.o(.text)
    __aeabi_memcpy                           0x080001e5   Thumb Code    36  memcpya.o(.text)
    __aeabi_memcpy4                          0x080001e5   Thumb Code     0  memcpya.o(.text)
    __aeabi_memcpy8                          0x080001e5   Thumb Code     0  memcpya.o(.text)
    __aeabi_dmul                             0x08000209   Thumb Code   228  dmul.o(.text)
    __aeabi_d2uiz                            0x080002ed   Thumb Code    50  dfixui.o(.text)
    __aeabi_f2d                              0x0800031f   Thumb Code    38  f2d.o(.text)
    __aeabi_uidiv                            0x08000345   Thumb Code     0  uidiv.o(.text)
    __aeabi_uidivmod                         0x08000345   Thumb Code    44  uidiv.o(.text)
    __aeabi_llsr                             0x08000371   Thumb Code    32  llushr.o(.text)
    _ll_ushift_r                             0x08000371   Thumb Code     0  llushr.o(.text)
    __I$use$fp                               0x08000391   Thumb Code     0  iusefp.o(.text)
    _double_round                            0x08000391   Thumb Code    30  depilogue.o(.text)
    _double_epilogue                         0x080003af   Thumb Code   156  depilogue.o(.text)
    __scatterload                            0x0800044d   Thumb Code    28  init.o(.text)
    __scatterload_rt2                        0x0800044d   Thumb Code     0  init.o(.text)
    __aeabi_llsl                             0x08000471   Thumb Code    30  llshl.o(.text)
    _ll_shift_l                              0x08000471   Thumb Code     0  llshl.o(.text)
    BSP_LCD_Clear                            0x080005c9   Thumb Code    50  stm32f429i_discovery_lcd.o(i.BSP_LCD_Clear)
    BSP_LCD_DisplayChar                      0x08000605   Thumb Code    42  stm32f429i_discovery_lcd.o(i.BSP_LCD_DisplayChar)
    BSP_LCD_DisplayOn                        0x08000639   Thumb Code    14  stm32f429i_discovery_lcd.o(i.BSP_LCD_DisplayOn)
    BSP_LCD_DisplayStringAt                  0x0800064d   Thumb Code   202  stm32f429i_discovery_lcd.o(i.BSP_LCD_DisplayStringAt)
    BSP_LCD_DisplayStringAtLine              0x08000721   Thumb Code    28  stm32f429i_discovery_lcd.o(i.BSP_LCD_DisplayStringAtLine)
    BSP_LCD_DrawLine                         0x0800073d   Thumb Code   198  stm32f429i_discovery_lcd.o(i.BSP_LCD_DrawLine)
    BSP_LCD_DrawPixel                        0x0800080d   Thumb Code    42  stm32f429i_discovery_lcd.o(i.BSP_LCD_DrawPixel)
    BSP_LCD_GetFont                          0x08000841   Thumb Code    18  stm32f429i_discovery_lcd.o(i.BSP_LCD_GetFont)
    BSP_LCD_GetXSize                         0x0800085d   Thumb Code     8  stm32f429i_discovery_lcd.o(i.BSP_LCD_GetXSize)
    BSP_LCD_GetYSize                         0x08000869   Thumb Code     8  stm32f429i_discovery_lcd.o(i.BSP_LCD_GetYSize)
    BSP_LCD_Init                             0x08000875   Thumb Code   130  stm32f429i_discovery_lcd.o(i.BSP_LCD_Init)
    BSP_LCD_LayerDefaultInit                 0x08000909   Thumb Code   116  stm32f429i_discovery_lcd.o(i.BSP_LCD_LayerDefaultInit)
    BSP_LCD_SelectLayer                      0x08000989   Thumb Code     6  stm32f429i_discovery_lcd.o(i.BSP_LCD_SelectLayer)
    BSP_LCD_SetFont                          0x08000995   Thumb Code    18  stm32f429i_discovery_lcd.o(i.BSP_LCD_SetFont)
    BSP_SDRAM_Init                           0x080009b1   Thumb Code    94  stm32f429i_discovery_sdram.o(i.BSP_SDRAM_Init)
    BSP_SDRAM_Initialization_sequence        0x08000a19   Thumb Code   138  stm32f429i_discovery_sdram.o(i.BSP_SDRAM_Initialization_sequence)
    FMC_SDRAM_Init                           0x08000c11   Thumb Code    82  stm32f4xx_ll_fmc.o(i.FMC_SDRAM_Init)
    FMC_SDRAM_ProgramRefreshRate             0x08000c63   Thumb Code    12  stm32f4xx_ll_fmc.o(i.FMC_SDRAM_ProgramRefreshRate)
    FMC_SDRAM_SendCommand                    0x08000c6f   Thumb Code    70  stm32f4xx_ll_fmc.o(i.FMC_SDRAM_SendCommand)
    FMC_SDRAM_Timing_Init                    0x08000cb5   Thumb Code   108  stm32f4xx_ll_fmc.o(i.FMC_SDRAM_Timing_Init)
    HAL_ADCEx_InjectedConfigChannel          0x08000d85   Thumb Code   464  stm32f4xx_hal_adc_ex.o(i.HAL_ADCEx_InjectedConfigChannel)
    HAL_ADC_ConfigChannel                    0x08000f5d   Thumb Code   334  stm32f4xx_hal_adc.o(i.HAL_ADC_ConfigChannel)
    HAL_ADC_GetValue                         0x080010bd   Thumb Code     6  stm32f4xx_hal_adc.o(i.HAL_ADC_GetValue)
    HAL_ADC_Init                             0x080010c3   Thumb Code    58  stm32f4xx_hal_adc.o(i.HAL_ADC_Init)
    HAL_ADC_MspInit                          0x080010fd   Thumb Code    54  stm32f4xx_hal_msp.o(i.HAL_ADC_MspInit)
    HAL_ADC_PollForConversion                0x08001141   Thumb Code   108  stm32f4xx_hal_adc.o(i.HAL_ADC_PollForConversion)
    HAL_ADC_Start                            0x080011ad   Thumb Code   156  stm32f4xx_hal_adc.o(i.HAL_ADC_Start)
    HAL_ADC_Stop                             0x08001255   Thumb Code    20  stm32f4xx_hal_adc.o(i.HAL_ADC_Stop)
    HAL_DMA2D_ConfigLayer                    0x08001269   Thumb Code   224  stm32f4xx_hal_dma2d.o(i.HAL_DMA2D_ConfigLayer)
    HAL_DMA2D_Init                           0x0800134d   Thumb Code    92  stm32f4xx_hal_dma2d.o(i.HAL_DMA2D_Init)
    HAL_DMA2D_MspInit                        0x080013a9   Thumb Code    30  stm32f4xx_hal_msp.o(i.HAL_DMA2D_MspInit)
    HAL_DMA2D_PollForTransfer                0x080013d1   Thumb Code   228  stm32f4xx_hal_dma2d.o(i.HAL_DMA2D_PollForTransfer)
    HAL_DMA2D_Start                          0x080014b5   Thumb Code    62  stm32f4xx_hal_dma2d.o(i.HAL_DMA2D_Start)
    HAL_DMA_DeInit                           0x080014f5   Thumb Code  3048  stm32f4xx_hal_dma.o(i.HAL_DMA_DeInit)
    HAL_DMA_Init                             0x080020e5   Thumb Code   110  stm32f4xx_hal_dma.o(i.HAL_DMA_Init)
    HAL_Delay                                0x08002159   Thumb Code    22  stm32f4xx_hal.o(i.HAL_Delay)
    HAL_GPIO_DeInit                          0x08002249   Thumb Code   300  stm32f4xx_hal_gpio.o(i.HAL_GPIO_DeInit)
    HAL_GPIO_Init                            0x080023a5   Thumb Code   426  stm32f4xx_hal_gpio.o(i.HAL_GPIO_Init)
    HAL_GPIO_WritePin                        0x08002585   Thumb Code    14  stm32f4xx_hal_gpio.o(i.HAL_GPIO_WritePin)
    HAL_GetTick                              0x08002595   Thumb Code     6  stm32f4xx_hal.o(i.HAL_GetTick)
    HAL_I2C_Init                             0x080025a1   Thumb Code   252  stm32f4xx_hal_i2c.o(i.HAL_I2C_Init)
    HAL_I2C_MspInit                          0x080026a5   Thumb Code    82  stm32f4xx_hal_msp.o(i.HAL_I2C_MspInit)
    HAL_IncTick                              0x08002709   Thumb Code    10  stm32f4xx_hal.o(i.HAL_IncTick)
    HAL_Init                                 0x08002719   Thumb Code    48  stm32f4xx_hal.o(i.HAL_Init)
    HAL_InitTick                             0x0800274d   Thumb Code    34  stm32f4xx_hal.o(i.HAL_InitTick)
    HAL_LTDC_ConfigLayer                     0x0800276f   Thumb Code    84  stm32f4xx_hal_ltdc.o(i.HAL_LTDC_ConfigLayer)
    HAL_LTDC_EnableDither                    0x080027c5   Thumb Code    42  stm32f4xx_hal_ltdc.o(i.HAL_LTDC_EnableDither)
    HAL_LTDC_Init                            0x080027f5   Thumb Code   250  stm32f4xx_hal_ltdc.o(i.HAL_LTDC_Init)
    HAL_LTDC_MspInit                         0x080028f5   Thumb Code   216  stm32f4xx_hal_msp.o(i.HAL_LTDC_MspInit)
    HAL_MspInit                              0x080029ed   Thumb Code    22  stm32f4xx_hal_msp.o(i.HAL_MspInit)
    HAL_NVIC_EnableIRQ                       0x08002a03   Thumb Code    22  stm32f4xx_hal_cortex.o(i.HAL_NVIC_EnableIRQ)
    HAL_NVIC_SetPriority                     0x08002a19   Thumb Code    60  stm32f4xx_hal_cortex.o(i.HAL_NVIC_SetPriority)
    HAL_NVIC_SetPriorityGrouping             0x08002a59   Thumb Code    26  stm32f4xx_hal_cortex.o(i.HAL_NVIC_SetPriorityGrouping)
    HAL_RCCEx_PeriphCLKConfig                0x08002a7d   Thumb Code   658  stm32f4xx_hal_rcc_ex.o(i.HAL_RCCEx_PeriphCLKConfig)
    HAL_RCC_ClockConfig                      0x08002d35   Thumb Code   560  stm32f4xx_hal_rcc.o(i.HAL_RCC_ClockConfig)
    HAL_RCC_GetHCLKFreq                      0x08002f6d   Thumb Code    38  stm32f4xx_hal_rcc.o(i.HAL_RCC_GetHCLKFreq)
    HAL_RCC_GetPCLK1Freq                     0x08002fa1   Thumb Code    36  stm32f4xx_hal_rcc.o(i.HAL_RCC_GetPCLK1Freq)
    HAL_RCC_GetSysClockFreq                  0x08002fcd   Thumb Code   120  stm32f4xx_hal_rcc.o(i.HAL_RCC_GetSysClockFreq)
    HAL_RCC_OscConfig                        0x0800304d   Thumb Code   846  stm32f4xx_hal_rcc.o(i.HAL_RCC_OscConfig)
    HAL_RNG_Init                             0x080033b1   Thumb Code    64  stm32f4xx_hal_rng.o(i.HAL_RNG_Init)
    HAL_RNG_MspInit                          0x080033f1   Thumb Code    20  stm32f4xx_hal_msp.o(i.HAL_RNG_MspInit)
    HAL_SDRAM_Init                           0x0800340d   Thumb Code    68  stm32f4xx_hal_sdram.o(i.HAL_SDRAM_Init)
    HAL_SDRAM_MspInit                        0x08003451   Thumb Code     4  stm32f4xx_hal_msp.o(i.HAL_SDRAM_MspInit)
    HAL_SDRAM_ProgramRefreshRate             0x08003455   Thumb Code    38  stm32f4xx_hal_sdram.o(i.HAL_SDRAM_ProgramRefreshRate)
    HAL_SDRAM_SendCommand                    0x0800347b   Thumb Code    56  stm32f4xx_hal_sdram.o(i.HAL_SDRAM_SendCommand)
    HAL_SPI_DeInit                           0x080034b3   Thumb Code    40  stm32f4xx_hal_spi.o(i.HAL_SPI_DeInit)
    HAL_SPI_GetState                         0x080034db   Thumb Code     6  stm32f4xx_hal_spi.o(i.HAL_SPI_GetState)
    HAL_SPI_Init                             0x080034e1   Thumb Code   134  stm32f4xx_hal_spi.o(i.HAL_SPI_Init)
    HAL_SPI_MspDeInit                        0x08003569   Thumb Code    30  stm32f4xx_hal_msp.o(i.HAL_SPI_MspDeInit)
    HAL_SPI_MspInit                          0x08003595   Thumb Code    64  stm32f4xx_hal_msp.o(i.HAL_SPI_MspInit)
    HAL_SPI_Receive                          0x080035e1   Thumb Code   490  stm32f4xx_hal_spi.o(i.HAL_SPI_Receive)
    HAL_SPI_Transmit                         0x080037cb   Thumb Code   400  stm32f4xx_hal_spi.o(i.HAL_SPI_Transmit)
    HAL_SPI_TransmitReceive                  0x0800395b   Thumb Code   758  stm32f4xx_hal_spi.o(i.HAL_SPI_TransmitReceive)
    HAL_SYSTICK_CLKSourceConfig              0x08003c51   Thumb Code    28  stm32f4xx_hal_cortex.o(i.HAL_SYSTICK_CLKSourceConfig)
    HAL_SYSTICK_Callback                     0x08003c6d   Thumb Code     2  stm32f4xx_hal_cortex.o(i.HAL_SYSTICK_Callback)
    HAL_SYSTICK_Config                       0x08003c6f   Thumb Code    40  stm32f4xx_hal_cortex.o(i.HAL_SYSTICK_Config)
    HAL_SYSTICK_IRQHandler                   0x08003c97   Thumb Code     8  stm32f4xx_hal_cortex.o(i.HAL_SYSTICK_IRQHandler)
    LCD_Delay                                0x08003c9f   Thumb Code     4  stm32f429i_discovery.o(i.LCD_Delay)
    LCD_IO_Init                              0x08003ca5   Thumb Code   162  stm32f429i_discovery.o(i.LCD_IO_Init)
    LCD_IO_ReadData                          0x08003d59   Thumb Code    76  stm32f429i_discovery.o(i.LCD_IO_ReadData)
    LCD_IO_WriteData                         0x08003dad   Thumb Code    46  stm32f429i_discovery.o(i.LCD_IO_WriteData)
    LCD_IO_WriteReg                          0x08003de5   Thumb Code    48  stm32f429i_discovery.o(i.LCD_IO_WriteReg)
    SysTick_Handler                          0x08004689   Thumb Code    14  stm32f4xx_it.o(i.SysTick_Handler)
    SystemClock_Config                       0x08004699   Thumb Code   146  main.o(i.SystemClock_Config)
    SystemInit                               0x08004735   Thumb Code    66  system_stm32f4xx.o(i.SystemInit)
    __0sprintf$1                             0x08004789   Thumb Code    34  printf1.o(i.__0sprintf$1)
    __1sprintf$1                             0x08004789   Thumb Code     0  printf1.o(i.__0sprintf$1)
    __2sprintf                               0x08004789   Thumb Code     0  printf1.o(i.__0sprintf$1)
    __scatterload_copy                       0x080047b1   Thumb Code    14  handlers.o(i.__scatterload_copy)
    __scatterload_null                       0x080047bf   Thumb Code     2  handlers.o(i.__scatterload_null)
    __scatterload_zeroinit                   0x080047c1   Thumb Code    14  handlers.o(i.__scatterload_zeroinit)
    arm_bitreversal_f32                      0x0800492f   Thumb Code   228  arm_bitreversal.o(i.arm_bitreversal_f32)
    arm_cfft_radix4_f32                      0x08004a13   Thumb Code    60  arm_cfft_radix4_f32.o(i.arm_cfft_radix4_f32)
    arm_cfft_radix4_init_f32                 0x08004a51   Thumb Code   158  arm_cfft_radix4_init_f32.o(i.arm_cfft_radix4_init_f32)
    arm_cmplx_mag_f32                        0x08004b11   Thumb Code   156  arm_cmplx_mag_f32.o(i.arm_cmplx_mag_f32)
    arm_max_f32                              0x08004bad   Thumb Code   144  arm_max_f32.o(i.arm_max_f32)
    arm_radix4_butterfly_f32                 0x08004c3d   Thumb Code   932  arm_cfft_radix4_f32.o(i.arm_radix4_butterfly_f32)
    arm_radix4_butterfly_inverse_f32         0x08004fe1   Thumb Code   982  arm_cfft_radix4_f32.o(i.arm_radix4_butterfly_inverse_f32)
    fft                                      0x080053e1   Thumb Code   260  main.o(i.fft)
    ili9341_DisplayOff                       0x08005509   Thumb Code     6  ili9341.o(i.ili9341_DisplayOff)
    ili9341_DisplayOn                        0x0800550f   Thumb Code     6  ili9341.o(i.ili9341_DisplayOn)
    ili9341_GetLcdPixelHeight                0x08005515   Thumb Code     6  ili9341.o(i.ili9341_GetLcdPixelHeight)
    ili9341_GetLcdPixelWidth                 0x0800551b   Thumb Code     4  ili9341.o(i.ili9341_GetLcdPixelWidth)
    ili9341_Init                             0x0800551f   Thumb Code   658  ili9341.o(i.ili9341_Init)
    ili9341_ReadData                         0x080057b1   Thumb Code     4  ili9341.o(i.ili9341_ReadData)
    ili9341_ReadID                           0x080057b5   Thumb Code    18  ili9341.o(i.ili9341_ReadID)
    ili9341_WriteData                        0x080057c7   Thumb Code     4  ili9341.o(i.ili9341_WriteData)
    ili9341_WriteReg                         0x080057cb   Thumb Code     4  ili9341.o(i.ili9341_WriteReg)
    main                                     0x080057d1   Thumb Code   144  main.o(i.main)
    APBAHBPrescTable                         0x08005868   Data          16  stm32f4xx_hal_rcc.o(.constdata)
    Font24_Table                             0x08005878   Data        6840  stm32f429i_discovery_lcd.o(.constdata)
    armBitRevTable                           0x08007330   Data        2048  arm_common_tables.o(.constdata)
    twiddleCoef_4096                         0x08007b30   Data       32768  arm_common_tables.o(.constdata)
    Region$$Table$$Base                      0x0800fb30   Number         0  anon$$obj.o(Region$$Table)
    Region$$Table$$Limit                     0x0800fb50   Number         0  anon$$obj.o(Region$$Table)
    SystemCoreClock                          0x20000004   Data           4  system_stm32f4xx.o(.data)
    BUTTON_PORT                              0x20000014   Data           4  stm32f429i_discovery.o(.data)
    I2cxTimeout                              0x20000018   Data           4  stm32f429i_discovery.o(.data)
    SpixTimeout                              0x2000001c   Data           4  stm32f429i_discovery.o(.data)
    GPIO_PORT                                0x20000020   Data           8  stm32f429i_discovery.o(.data)
    LcdDrv                                   0x2000002c   Data           4  stm32f429i_discovery_lcd.o(.data)
    Font24                                   0x20000030   Data           8  stm32f429i_discovery_lcd.o(.data)
    ili9341_drv                              0x20000038   Data          56  ili9341.o(.data)
    hadc1                                    0x20000070   Data          68  main.o(.bss)
    hdma2d                                   0x200000b4   Data          64  main.o(.bss)
    hi2c3                                    0x200000f4   Data          60  main.o(.bss)
    hltdc                                    0x20000130   Data         168  main.o(.bss)
    hrng                                     0x200001d8   Data          12  main.o(.bss)
    hspi5                                    0x200001e4   Data          88  main.o(.bss)
    hsdram1                                  0x2000023c   Data          52  main.o(.bss)
    samples                                  0x20000270   Data       16384  main.o(.bss)
    INPUT                                    0x20004270   Data        8192  main.o(.bss)
    Output                                   0x20006270   Data        8192  main.o(.bss)
    I2cHandle                                0x20008270   Data          60  stm32f429i_discovery.o(.bss)
    __initial_sp                             0x200088e8   Data           0  startup_stm32f429xx.o(STACK)



==============================================================================

Memory Map of the image

  Image Entry point : 0x080001ad

  Load Region LR_IROM1 (Base: 0x08000000, Size: 0x0000fbc0, Max: 0x00200000, ABSOLUTE)

    Execution Region ER_IROM1 (Base: 0x08000000, Size: 0x0000fb50, Max: 0x00200000, ABSOLUTE)

    Base Addr    Size         Type   Attr      Idx    E Section Name        Object

    0x08000000   0x000001ac   Data   RO         3112    RESET               startup_stm32f429xx.o
    0x080001ac   0x00000000   Code   RO         4007  * .ARM.Collect$$$$00000000  mc_w.l(entry.o)
    0x080001ac   0x00000004   Code   RO         4281    .ARM.Collect$$$$00000001  mc_w.l(entry2.o)
    0x080001b0   0x00000004   Code   RO         4284    .ARM.Collect$$$$00000004  mc_w.l(entry5.o)
    0x080001b4   0x00000000   Code   RO         4286    .ARM.Collect$$$$00000008  mc_w.l(entry7b.o)
    0x080001b4   0x00000000   Code   RO         4288    .ARM.Collect$$$$0000000A  mc_w.l(entry8b.o)
    0x080001b4   0x00000008   Code   RO         4289    .ARM.Collect$$$$0000000B  mc_w.l(entry9a.o)
    0x080001bc   0x00000000   Code   RO         4291    .ARM.Collect$$$$0000000D  mc_w.l(entry10a.o)
    0x080001bc   0x00000000   Code   RO         4293    .ARM.Collect$$$$0000000F  mc_w.l(entry11a.o)
    0x080001bc   0x00000004   Code   RO         4282    .ARM.Collect$$$$00002712  mc_w.l(entry2.o)
    0x080001c0   0x00000024   Code   RO         3113    .text               startup_stm32f429xx.o
    0x080001e4   0x00000024   Code   RO         4010    .text               mc_w.l(memcpya.o)
    0x08000208   0x000000e4   Code   RO         4275    .text               mf_w.l(dmul.o)
    0x080002ec   0x00000032   Code   RO         4277    .text               mf_w.l(dfixui.o)
    0x0800031e   0x00000026   Code   RO         4279    .text               mf_w.l(f2d.o)
    0x08000344   0x0000002c   Code   RO         4298    .text               mc_w.l(uidiv.o)
    0x08000370   0x00000020   Code   RO         4302    .text               mc_w.l(llushr.o)
    0x08000390   0x00000000   Code   RO         4304    .text               mc_w.l(iusefp.o)
    0x08000390   0x000000ba   Code   RO         4305    .text               mf_w.l(depilogue.o)
    0x0800044a   0x00000002   PAD
    0x0800044c   0x00000024   Code   RO         4315    .text               mc_w.l(init.o)
    0x08000470   0x0000001e   Code   RO         4318    .text               mc_w.l(llshl.o)
    0x0800048e   0x00000002   PAD
    0x08000490   0x00000138   Code   RO          879    i.ADC_Init          stm32f4xx_hal_adc.o
    0x080005c8   0x0000003c   Code   RO         3345    i.BSP_LCD_Clear     stm32f429i_discovery_lcd.o
    0x08000604   0x00000034   Code   RO         3347    i.BSP_LCD_DisplayChar  stm32f429i_discovery_lcd.o
    0x08000638   0x00000014   Code   RO         3349    i.BSP_LCD_DisplayOn  stm32f429i_discovery_lcd.o
    0x0800064c   0x000000d4   Code   RO         3350    i.BSP_LCD_DisplayStringAt  stm32f429i_discovery_lcd.o
    0x08000720   0x0000001c   Code   RO         3351    i.BSP_LCD_DisplayStringAtLine  stm32f429i_discovery_lcd.o
    0x0800073c   0x000000d0   Code   RO         3356    i.BSP_LCD_DrawLine  stm32f429i_discovery_lcd.o
    0x0800080c   0x00000034   Code   RO         3357    i.BSP_LCD_DrawPixel  stm32f429i_discovery_lcd.o
    0x08000840   0x0000001c   Code   RO         3367    i.BSP_LCD_GetFont   stm32f429i_discovery_lcd.o
    0x0800085c   0x0000000c   Code   RO         3369    i.BSP_LCD_GetXSize  stm32f429i_discovery_lcd.o
    0x08000868   0x0000000c   Code   RO         3370    i.BSP_LCD_GetYSize  stm32f429i_discovery_lcd.o
    0x08000874   0x00000094   Code   RO         3371    i.BSP_LCD_Init      stm32f429i_discovery_lcd.o
    0x08000908   0x00000080   Code   RO         3372    i.BSP_LCD_LayerDefaultInit  stm32f429i_discovery_lcd.o
    0x08000988   0x0000000c   Code   RO         3375    i.BSP_LCD_SelectLayer  stm32f429i_discovery_lcd.o
    0x08000994   0x0000001c   Code   RO         3378    i.BSP_LCD_SetFont   stm32f429i_discovery_lcd.o
    0x080009b0   0x00000068   Code   RO         3652    i.BSP_SDRAM_Init    stm32f429i_discovery_sdram.o
    0x08000a18   0x00000090   Code   RO         3653    i.BSP_SDRAM_Initialization_sequence  stm32f429i_discovery_sdram.o
    0x08000aa8   0x00000094   Code   RO         1382    i.DMA2D_SetConfig   stm32f4xx_hal_dma2d.o
    0x08000b3c   0x000000d4   Code   RO         3385    i.DrawChar          stm32f429i_discovery_lcd.o
    0x08000c10   0x00000052   Code   RO         2558    i.FMC_SDRAM_Init    stm32f4xx_ll_fmc.o
    0x08000c62   0x0000000c   Code   RO         2559    i.FMC_SDRAM_ProgramRefreshRate  stm32f4xx_ll_fmc.o
    0x08000c6e   0x00000046   Code   RO         2560    i.FMC_SDRAM_SendCommand  stm32f4xx_ll_fmc.o
    0x08000cb4   0x0000006c   Code   RO         2562    i.FMC_SDRAM_Timing_Init  stm32f4xx_ll_fmc.o
    0x08000d20   0x00000064   Code   RO         3386    i.FillBuffer        stm32f429i_discovery_lcd.o
    0x08000d84   0x000001d8   Code   RO         1175    i.HAL_ADCEx_InjectedConfigChannel  stm32f4xx_hal_adc_ex.o
    0x08000f5c   0x00000160   Code   RO          881    i.HAL_ADC_ConfigChannel  stm32f4xx_hal_adc.o
    0x080010bc   0x00000006   Code   RO          888    i.HAL_ADC_GetValue  stm32f4xx_hal_adc.o
    0x080010c2   0x0000003a   Code   RO          890    i.HAL_ADC_Init      stm32f4xx_hal_adc.o
    0x080010fc   0x00000044   Code   RO         2994    i.HAL_ADC_MspInit   stm32f4xx_hal_msp.o
    0x08001140   0x0000006c   Code   RO          894    i.HAL_ADC_PollForConversion  stm32f4xx_hal_adc.o
    0x080011ac   0x000000a8   Code   RO          896    i.HAL_ADC_Start     stm32f4xx_hal_adc.o
    0x08001254   0x00000014   Code   RO          899    i.HAL_ADC_Stop      stm32f4xx_hal_adc.o
    0x08001268   0x000000e4   Code   RO         1387    i.HAL_DMA2D_ConfigLayer  stm32f4xx_hal_dma2d.o
    0x0800134c   0x0000005c   Code   RO         1394    i.HAL_DMA2D_Init    stm32f4xx_hal_dma2d.o
    0x080013a8   0x00000028   Code   RO         2996    i.HAL_DMA2D_MspInit  stm32f4xx_hal_msp.o
    0x080013d0   0x000000e4   Code   RO         1397    i.HAL_DMA2D_PollForTransfer  stm32f4xx_hal_dma2d.o
    0x080014b4   0x0000003e   Code   RO         1400    i.HAL_DMA2D_Start   stm32f4xx_hal_dma2d.o
    0x080014f2   0x00000002   PAD
    0x080014f4   0x00000bf0   Code   RO          230    i.HAL_DMA_DeInit    stm32f4xx_hal_dma.o
    0x080020e4   0x00000074   Code   RO          234    i.HAL_DMA_Init      stm32f4xx_hal_dma.o
    0x08002158   0x00000016   Code   RO         1874    i.HAL_Delay         stm32f4xx_hal.o
    0x0800216e   0x00000002   PAD
    0x08002170   0x000000d8   Code   RO         2998    i.HAL_FMC_MspInit   stm32f4xx_hal_msp.o
    0x08002248   0x0000015c   Code   RO         2718    i.HAL_GPIO_DeInit   stm32f4xx_hal_gpio.o
    0x080023a4   0x000001e0   Code   RO         2721    i.HAL_GPIO_Init     stm32f4xx_hal_gpio.o
    0x08002584   0x0000000e   Code   RO         2725    i.HAL_GPIO_WritePin  stm32f4xx_hal_gpio.o
    0x08002592   0x00000002   PAD
    0x08002594   0x0000000c   Code   RO         1882    i.HAL_GetTick       stm32f4xx_hal.o
    0x080025a0   0x00000104   Code   RO         1531    i.HAL_I2C_Init      stm32f4xx_hal_i2c.o
    0x080026a4   0x00000064   Code   RO         3000    i.HAL_I2C_MspInit   stm32f4xx_hal_msp.o
    0x08002708   0x00000010   Code   RO         1883    i.HAL_IncTick       stm32f4xx_hal.o
    0x08002718   0x00000034   Code   RO         1884    i.HAL_Init          stm32f4xx_hal.o
    0x0800274c   0x00000022   Code   RO         1885    i.HAL_InitTick      stm32f4xx_hal.o
    0x0800276e   0x00000054   Code   RO          711    i.HAL_LTDC_ConfigLayer  stm32f4xx_hal_ltdc.o
    0x080027c2   0x00000002   PAD
    0x080027c4   0x00000030   Code   RO          718    i.HAL_LTDC_EnableDither  stm32f4xx_hal_ltdc.o
    0x080027f4   0x00000100   Code   RO          723    i.HAL_LTDC_Init     stm32f4xx_hal_ltdc.o
    0x080028f4   0x000000f8   Code   RO         3002    i.HAL_LTDC_MspInit  stm32f4xx_hal_msp.o
    0x080029ec   0x00000016   Code   RO         3003    i.HAL_MspInit       stm32f4xx_hal_msp.o
    0x08002a02   0x00000016   Code   RO            6    i.HAL_NVIC_EnableIRQ  stm32f4xx_hal_cortex.o
    0x08002a18   0x00000040   Code   RO           12    i.HAL_NVIC_SetPriority  stm32f4xx_hal_cortex.o
    0x08002a58   0x00000024   Code   RO           13    i.HAL_NVIC_SetPriorityGrouping  stm32f4xx_hal_cortex.o
    0x08002a7c   0x000002b8   Code   RO         1047    i.HAL_RCCEx_PeriphCLKConfig  stm32f4xx_hal_rcc_ex.o
    0x08002d34   0x00000238   Code   RO         1278    i.HAL_RCC_ClockConfig  stm32f4xx_hal_rcc.o
    0x08002f6c   0x00000034   Code   RO         1283    i.HAL_RCC_GetHCLKFreq  stm32f4xx_hal_rcc.o
    0x08002fa0   0x0000002c   Code   RO         1285    i.HAL_RCC_GetPCLK1Freq  stm32f4xx_hal_rcc.o
    0x08002fcc   0x00000080   Code   RO         1287    i.HAL_RCC_GetSysClockFreq  stm32f4xx_hal_rcc.o
    0x0800304c   0x00000364   Code   RO         1290    i.HAL_RCC_OscConfig  stm32f4xx_hal_rcc.o
    0x080033b0   0x00000040   Code   RO         1084    i.HAL_RNG_Init      stm32f4xx_hal_rng.o
    0x080033f0   0x0000001c   Code   RO         3005    i.HAL_RNG_MspInit   stm32f4xx_hal_msp.o
    0x0800340c   0x00000044   Code   RO         2275    i.HAL_SDRAM_Init    stm32f4xx_hal_sdram.o
    0x08003450   0x00000004   Code   RO         3007    i.HAL_SDRAM_MspInit  stm32f4xx_hal_msp.o
    0x08003454   0x00000026   Code   RO         2278    i.HAL_SDRAM_ProgramRefreshRate  stm32f4xx_hal_sdram.o
    0x0800347a   0x00000038   Code   RO         2284    i.HAL_SDRAM_SendCommand  stm32f4xx_hal_sdram.o
    0x080034b2   0x00000028   Code   RO         2028    i.HAL_SPI_DeInit    stm32f4xx_hal_spi.o
    0x080034da   0x00000006   Code   RO         2031    i.HAL_SPI_GetState  stm32f4xx_hal_spi.o
    0x080034e0   0x00000086   Code   RO         2033    i.HAL_SPI_Init      stm32f4xx_hal_spi.o
    0x08003566   0x00000002   PAD
    0x08003568   0x0000002c   Code   RO         3008    i.HAL_SPI_MspDeInit  stm32f4xx_hal_msp.o
    0x08003594   0x0000004c   Code   RO         3009    i.HAL_SPI_MspInit   stm32f4xx_hal_msp.o
    0x080035e0   0x000001ea   Code   RO         2036    i.HAL_SPI_Receive   stm32f4xx_hal_spi.o
    0x080037ca   0x00000190   Code   RO         2041    i.HAL_SPI_Transmit  stm32f4xx_hal_spi.o
    0x0800395a   0x000002f6   Code   RO         2042    i.HAL_SPI_TransmitReceive  stm32f4xx_hal_spi.o
    0x08003c50   0x0000001c   Code   RO           15    i.HAL_SYSTICK_CLKSourceConfig  stm32f4xx_hal_cortex.o
    0x08003c6c   0x00000002   Code   RO           16    i.HAL_SYSTICK_Callback  stm32f4xx_hal_cortex.o
    0x08003c6e   0x00000028   Code   RO           17    i.HAL_SYSTICK_Config  stm32f4xx_hal_cortex.o
    0x08003c96   0x00000008   Code   RO           18    i.HAL_SYSTICK_IRQHandler  stm32f4xx_hal_cortex.o
    0x08003c9e   0x00000004   Code   RO         3145    i.LCD_Delay         stm32f429i_discovery.o
    0x08003ca2   0x00000002   PAD
    0x08003ca4   0x000000b4   Code   RO         3146    i.LCD_IO_Init       stm32f429i_discovery.o
    0x08003d58   0x00000054   Code   RO         3147    i.LCD_IO_ReadData   stm32f429i_discovery.o
    0x08003dac   0x00000038   Code   RO         3148    i.LCD_IO_WriteData  stm32f429i_discovery.o
    0x08003de4   0x00000038   Code   RO         3149    i.LCD_IO_WriteReg   stm32f429i_discovery.o
    0x08003e1c   0x0000015e   Code   RO          733    i.LTDC_SetConfig    stm32f4xx_hal_ltdc.o
    0x08003f7a   0x00000002   PAD
    0x08003f7c   0x0000005c   Code   RO         2851    i.MX_ADC1_Init      main.o
    0x08003fd8   0x00000034   Code   RO         2852    i.MX_DMA2D_Init     main.o
    0x0800400c   0x00000048   Code   RO         2853    i.MX_FMC_Init       main.o
    0x08004054   0x0000008c   Code   RO         2854    i.MX_GPIO_Init      main.o
    0x080040e0   0x00000030   Code   RO         2855    i.MX_I2C3_Init      main.o
    0x08004110   0x000000b4   Code   RO         2856    i.MX_LTDC_Init      main.o
    0x080041c4   0x00000014   Code   RO         2857    i.MX_RNG_Init       main.o
    0x080041d8   0x00000034   Code   RO         2858    i.MX_SPI5_Init      main.o
    0x0800420c   0x00000124   Code   RO         3387    i.MspInit           stm32f429i_discovery_lcd.o
    0x08004330   0x00000160   Code   RO         3659    i.MspInit           stm32f429i_discovery_sdram.o
    0x08004490   0x00000020   Code   RO           19    i.NVIC_SetPriority  stm32f4xx_hal_cortex.o
    0x080044b0   0x000000d6   Code   RO         2064    i.SPI_WaitOnFlagUntilTimeout  stm32f4xx_hal_spi.o
    0x08004586   0x00000002   PAD
    0x08004588   0x00000014   Code   RO         3150    i.SPIx_Error        stm32f429i_discovery.o
    0x0800459c   0x00000050   Code   RO         3151    i.SPIx_Init         stm32f429i_discovery.o
    0x080045ec   0x00000054   Code   RO         3152    i.SPIx_MspInit      stm32f429i_discovery.o
    0x08004640   0x00000024   Code   RO         3153    i.SPIx_Read         stm32f429i_discovery.o
    0x08004664   0x00000024   Code   RO         3154    i.SPIx_Write        stm32f429i_discovery.o
    0x08004688   0x0000000e   Code   RO         2966    i.SysTick_Handler   stm32f4xx_it.o
    0x08004696   0x00000002   PAD
    0x08004698   0x0000009c   Code   RO         2859    i.SystemClock_Config  main.o
    0x08004734   0x00000054   Code   RO         2815    i.SystemInit        system_stm32f4xx.o
    0x08004788   0x00000028   Code   RO         4061    i.__0sprintf$1      mc_w.l(printf1.o)
    0x080047b0   0x0000000e   Code   RO         4325    i.__scatterload_copy  mc_w.l(handlers.o)
    0x080047be   0x00000002   Code   RO         4326    i.__scatterload_null  mc_w.l(handlers.o)
    0x080047c0   0x0000000e   Code   RO         4327    i.__scatterload_zeroinit  mc_w.l(handlers.o)
    0x080047ce   0x00000002   PAD
    0x080047d0   0x00000154   Code   RO         4066    i._printf_core      mc_w.l(printf1.o)
    0x08004924   0x0000000a   Code   RO         4068    i._sputc            mc_w.l(printf1.o)
    0x0800492e   0x000000e4   Code   RO         3863    i.arm_bitreversal_f32  arm_bitreversal.o
    0x08004a12   0x0000003c   Code   RO         3793    i.arm_cfft_radix4_f32  arm_cfft_radix4_f32.o
    0x08004a4e   0x00000002   PAD
    0x08004a50   0x000000c0   Code   RO         3835    i.arm_cfft_radix4_init_f32  arm_cfft_radix4_init_f32.o
    0x08004b10   0x0000009c   Code   RO         3954    i.arm_cmplx_mag_f32  arm_cmplx_mag_f32.o
    0x08004bac   0x00000090   Code   RO         3986    i.arm_max_f32       arm_max_f32.o
    0x08004c3c   0x000003a4   Code   RO         3794    i.arm_radix4_butterfly_f32  arm_cfft_radix4_f32.o
    0x08004fe0   0x000003d6   Code   RO         3795    i.arm_radix4_butterfly_inverse_f32  arm_cfft_radix4_f32.o
    0x080053b6   0x00000002   PAD
    0x080053b8   0x00000028   Code   RO         3955    i.arm_sqrt_f32      arm_cmplx_mag_f32.o
    0x080053e0   0x00000128   Code   RO         2860    i.fft               main.o
    0x08005508   0x00000006   Code   RO         3721    i.ili9341_DisplayOff  ili9341.o
    0x0800550e   0x00000006   Code   RO         3722    i.ili9341_DisplayOn  ili9341.o
    0x08005514   0x00000006   Code   RO         3723    i.ili9341_GetLcdPixelHeight  ili9341.o
    0x0800551a   0x00000004   Code   RO         3724    i.ili9341_GetLcdPixelWidth  ili9341.o
    0x0800551e   0x00000292   Code   RO         3725    i.ili9341_Init      ili9341.o
    0x080057b0   0x00000004   Code   RO         3726    i.ili9341_ReadData  ili9341.o
    0x080057b4   0x00000012   Code   RO         3727    i.ili9341_ReadID    ili9341.o
    0x080057c6   0x00000004   Code   RO         3728    i.ili9341_WriteData  ili9341.o
    0x080057ca   0x00000004   Code   RO         3729    i.ili9341_WriteReg  ili9341.o
    0x080057ce   0x00000002   PAD
    0x080057d0   0x00000098   Code   RO         2861    i.main              main.o
    0x08005868   0x00000010   Data   RO         1291    .constdata          stm32f4xx_hal_rcc.o
    0x08005878   0x00001ab8   Data   RO         3389    .constdata          stm32f429i_discovery_lcd.o
    0x08007330   0x00000800   Data   RO         3899    .constdata          arm_common_tables.o
    0x08007b30   0x00008000   Data   RO         3908    .constdata          arm_common_tables.o
    0x0800fb30   0x00000020   Data   RO         4323    Region$$Table       anon$$obj.o


    Execution Region RW_IRAM1 (Base: 0x20000000, Size: 0x000088e8, Max: 0x00030000, ABSOLUTE)

    Base Addr    Size         Type   Attr      Idx    E Section Name        Object

    0x20000000   0x00000004   Data   RW         1890    .data               stm32f4xx_hal.o
    0x20000004   0x00000004   Data   RW         2817    .data               system_stm32f4xx.o
    0x20000008   0x00000008   Data   RW         3010    .data               stm32f4xx_hal_msp.o
    0x20000010   0x00000018   Data   RW         3158    .data               stm32f429i_discovery.o
    0x20000028   0x00000010   Data   RW         3394    .data               stm32f429i_discovery_lcd.o
    0x20000038   0x00000038   Data   RW         3730    .data               ili9341.o
    0x20000070   0x00008200   Zero   RW         2863    .bss                main.o
    0x20008270   0x00000094   Zero   RW         3156    .bss                stm32f429i_discovery.o
    0x20008304   0x00000130   Zero   RW         3388    .bss                stm32f429i_discovery_lcd.o
    0x20008434   0x000000b0   Zero   RW         3660    .bss                stm32f429i_discovery_sdram.o
    0x200084e4   0x00000004   PAD
    0x200084e8   0x00000400   Zero   RW         3110    STACK               startup_stm32f429xx.o


==============================================================================

Image component sizes


      Code (inc. data)   RO Data    RW Data    ZI Data      Debug   Object Name

       228          0          0          0          0       1294   arm_bitreversal.o
      1974          0          0          0          0      10848   arm_cfft_radix4_f32.o
       192         34          0          0          0        847   arm_cfft_radix4_init_f32.o
       196          4          0          0          0      14836   arm_cmplx_mag_f32.o
         0          0      34816          0          0       2585   arm_common_tables.o
       144          0          0          0          0       1334   arm_max_f32.o
       710          0          0         56          0       6252   ili9341.o
      1260        124          0          0      33280      21317   main.o
        36          8        428          0       1024        900   startup_stm32f429xx.o
       636         88          0         24        148       7591   stm32f429i_discovery.o
      1604        170       6840         16        304      18450   stm32f429i_discovery_lcd.o
       600         52          0          0        176       3041   stm32f429i_discovery_sdram.o
       136         16          0          4          0       4018   stm32f4xx_hal.o
      1024         34          0          0          0       5365   stm32f4xx_hal_adc.o
       472          8          0          0          0       1342   stm32f4xx_hal_adc_ex.o
       232         14          0          0          0     447969   stm32f4xx_hal_cortex.o
      3172         40          0          0          0       3644   stm32f4xx_hal_dma.o
       758          4          0          0          0       5483   stm32f4xx_hal_dma2d.o
       842        102          0          0          0       3506   stm32f4xx_hal_gpio.o
       260          8          0          0          0       1379   stm32f4xx_hal_i2c.o
       738         12          0          0          0       3639   stm32f4xx_hal_ltdc.o
       846        142          0          8          0       6337   stm32f4xx_hal_msp.o
      1660         60         16          0          0       6152   stm32f4xx_hal_rcc.o
       696         38          0          0          0       1752   stm32f4xx_hal_rcc_ex.o
        64          0          0          0          0       1075   stm32f4xx_hal_rng.o
       162          0          0          0          0       2712   stm32f4xx_hal_sdram.o
      2042          0          0          0          0       7638   stm32f4xx_hal_spi.o
        14          0          0          0          0        478   stm32f4xx_it.o
       272          0          0          0          0       3548   stm32f4xx_ll_fmc.o
        84         18          0          4          0       1281   system_stm32f4xx.o

    ----------------------------------------------------------------------
     21078        976      42132        112      34936     596613   Object Totals
         0          0         32          0          0          0   (incl. Generated)
        24          0          0          0          4          0   (incl. Padding)

    ----------------------------------------------------------------------

      Code (inc. data)   RO Data    RW Data    ZI Data      Debug   Library Member Name

         0          0          0          0          0          0   entry.o
         0          0          0          0          0          0   entry10a.o
         0          0          0          0          0          0   entry11a.o
         8          4          0          0          0          0   entry2.o
         4          0          0          0          0          0   entry5.o
         0          0          0          0          0          0   entry7b.o
         0          0          0          0          0          0   entry8b.o
         8          4          0          0          0          0   entry9a.o
        30          0          0          0          0          0   handlers.o
        36          8          0          0          0         68   init.o
         0          0          0          0          0          0   iusefp.o
        30          0          0          0          0         68   llshl.o
        32          0          0          0          0         68   llushr.o
        36          0          0          0          0         68   memcpya.o
       390         10          0          0          0        252   printf1.o
        44          0          0          0          0         80   uidiv.o
       186          0          0          0          0        176   depilogue.o
        50          0          0          0          0         76   dfixui.o
       228          0          0          0          0         96   dmul.o
        38          0          0          0          0         68   f2d.o

    ----------------------------------------------------------------------
      1126         26          0          0          0       1020   Library Totals
         6          0          0          0          0          0   (incl. Padding)

    ----------------------------------------------------------------------

      Code (inc. data)   RO Data    RW Data    ZI Data      Debug   Library Name

       618         26          0          0          0        604   mc_w.l
       502          0          0          0          0        416   mf_w.l

    ----------------------------------------------------------------------
      1126         26          0          0          0       1020   Library Totals

    ----------------------------------------------------------------------

==============================================================================


      Code (inc. data)   RO Data    RW Data    ZI Data      Debug   

     22204       1002      42132        112      34936     585469   Grand Totals
     22204       1002      42132        112      34936     585469   ELF Image Totals
     22204       1002      42132        112          0          0   ROM Totals

==============================================================================

    Total RO  Size (Code + RO Data)                64336 (  62.83kB)
    Total RW  Size (RW Data + ZI Data)             35048 (  34.23kB)
    Total ROM Size (Code + RO Data + RW Data)      64448 (  62.94kB)

==============================================================================

